#
# There is insufficient memory for the Java Runtime Environment to continue.
# Native memory allocation (malloc) failed to allocate 1037136 bytes for Chunk::new
# Possible reasons:
#   The system is out of physical RAM or swap space
#   The process is running with CompressedOops enabled, and the Java Heap may be blocking the growth of the native heap
# Possible solutions:
#   Reduce memory load on the system
#   Increase physical memory or swap space
#   Check if swap backing store is full
#   Decrease Java heap size (-Xmx/-Xms)
#   Decrease number of Java threads
#   Decrease Java thread stack sizes (-Xss)
#   Set larger code cache with -XX:ReservedCodeCacheSize=
#   JVM is running with Unscaled Compressed Oops mode in which the Java heap is
#     placed in the first 4GB address space. The Java Heap base address is the
#     maximum limit for the native heap growth. Please use -XX:HeapBaseMinAddress
#     to set the Java Heap base and to place the Java Heap above 4GB virtual address.
# This output file may be truncated or incomplete.
#
#  Out of Memory Error (arena.cpp:189), pid=11324, tid=14164
#
# JRE version: Java(TM) SE Runtime Environment (17.0.12+8) (build 17.0.12+8-LTS-286)
# Java VM: Java HotSpot(TM) 64-Bit Server VM (17.0.12+8-LTS-286, mixed mode, sharing, tiered, compressed oops, compressed class ptrs, g1 gc, windows-amd64)
# No core dump will be written. Minidumps are not enabled by default on client versions of Windows
#

---------------  S U M M A R Y ------------

Command Line: -javaagent:C:\Program Files\JetBrains\IntelliJ IDEA Community Edition 2024.3.5\lib\idea_rt.jar=56180 -Dfile.encoding=UTF-8 com.example.demo.DemoApplication

Host: Intel(R) Core(TM) i5-10300H CPU @ 2.50GHz, 8 cores, 7G,  Windows 11 , 64 bit Build 26100 (10.0.26100.8521)
Time: Sun Jun 21 15:00:00 2026 SE Asia Standard Time elapsed time: 5181.534174 seconds (0d 1h 26m 21s)

---------------  T H R E A D  ---------------

Current thread (0x0000017ea75b1180):  JavaThread "C2 CompilerThread0" daemon [_thread_in_native, id=14164, stack(0x0000006785100000,0x0000006785200000)]


Current CompileTask:
C2:5181534 16442       4       org.springframework.security.core.context.ThreadLocalSecurityContextHolderStrategy$$Lambda$1820/0x0000017ea9b92a18::get (8 bytes)

Stack: [0x0000006785100000,0x0000006785200000]
Native frames: (J=compiled Java code, j=interpreted, Vv=VM code, C=native code)
V  [jvm.dll+0x67a04a]
V  [jvm.dll+0x7da4ed]
V  [jvm.dll+0x7dbe33]
V  [jvm.dll+0x7dc4a3]
V  [jvm.dll+0x24508f]
V  [jvm.dll+0xab773]
V  [jvm.dll+0xabd3c]
V  [jvm.dll+0x2aa52f]
V  [jvm.dll+0x581eb9]
V  [jvm.dll+0x21f422]
V  [jvm.dll+0x21f81f]
V  [jvm.dll+0x218aa0]
V  [jvm.dll+0x215b65]
V  [jvm.dll+0x1a2960]
V  [jvm.dll+0x22610b]
V  [jvm.dll+0x2242ab]
V  [jvm.dll+0x79075c]
V  [jvm.dll+0x78abea]
V  [jvm.dll+0x678f35]
C  [ucrtbase.dll+0x2cd30]
C  [KERNEL32.DLL+0x2e957]
C  [ntdll.dll+0x87c1c]


---------------  P R O C E S S  ---------------

Threads class SMR info:
_java_thread_list=0x0000017eee1d79b0, length=32, elements={
0x0000017ea758d630, 0x0000017ea758e1f0, 0x0000017ea75a2930, 0x0000017ea75a4300,
0x0000017ea75a4cc0, 0x0000017ea75a5680, 0x0000017ea75b1180, 0x0000017ea75b9c40,
0x0000017ea75be670, 0x0000017ea78ef0a0, 0x0000017ea7a523f0, 0x0000017ea7a528d0,
0x0000017ef02eb370, 0x0000017ef2c35e00, 0x0000017ef2c344b0, 0x0000017ef2c358f0,
0x0000017ef2c349c0, 0x0000017ef2c34ed0, 0x0000017ef319bef0, 0x0000017ef319d330,
0x0000017ef319b4d0, 0x0000017ef319d840, 0x0000017ef319afc0, 0x0000017ef319a090,
0x0000017ef319b9e0, 0x0000017ef319c400, 0x0000017ef319dd50, 0x0000017ef319e260,
0x0000017ef319aab0, 0x0000017ef319fbb0, 0x0000017ef31a00c0, 0x0000017ef319c910
}

Java Threads: ( => current thread )
  0x0000017ea758d630 JavaThread "Reference Handler" daemon [_thread_blocked, id=8900, stack(0x0000006784b00000,0x0000006784c00000)]
  0x0000017ea758e1f0 JavaThread "Finalizer" daemon [_thread_blocked, id=9332, stack(0x0000006784c00000,0x0000006784d00000)]
  0x0000017ea75a2930 JavaThread "Signal Dispatcher" daemon [_thread_blocked, id=11372, stack(0x0000006784d00000,0x0000006784e00000)]
  0x0000017ea75a4300 JavaThread "Attach Listener" daemon [_thread_blocked, id=20376, stack(0x0000006784e00000,0x0000006784f00000)]
  0x0000017ea75a4cc0 JavaThread "Service Thread" daemon [_thread_blocked, id=18440, stack(0x0000006784f00000,0x0000006785000000)]
  0x0000017ea75a5680 JavaThread "Monitor Deflation Thread" daemon [_thread_blocked, id=17440, stack(0x0000006785000000,0x0000006785100000)]
=>0x0000017ea75b1180 JavaThread "C2 CompilerThread0" daemon [_thread_in_native, id=14164, stack(0x0000006785100000,0x0000006785200000)]
  0x0000017ea75b9c40 JavaThread "C1 CompilerThread0" daemon [_thread_blocked, id=29456, stack(0x0000006785200000,0x0000006785300000)]
  0x0000017ea75be670 JavaThread "Sweeper thread" daemon [_thread_blocked, id=24256, stack(0x0000006785300000,0x0000006785400000)]
  0x0000017ea78ef0a0 JavaThread "Common-Cleaner" daemon [_thread_blocked, id=25656, stack(0x0000006785400000,0x0000006785500000)]
  0x0000017ea7a523f0 JavaThread "Monitor Ctrl-Break" daemon [_thread_in_native, id=2032, stack(0x0000006785500000,0x0000006785600000)]
  0x0000017ea7a528d0 JavaThread "Notification Thread" daemon [_thread_blocked, id=26660, stack(0x0000006785600000,0x0000006785700000)]
  0x0000017ef02eb370 JavaThread "mysql-cj-abandoned-connection-cleanup" daemon [_thread_blocked, id=17704, stack(0x0000006786200000,0x0000006786300000)]
  0x0000017ef2c35e00 JavaThread "HikariPool-1 housekeeper" daemon [_thread_blocked, id=21416, stack(0x0000006786400000,0x0000006786500000)]
  0x0000017ef2c344b0 JavaThread "Catalina-utility-1" [_thread_blocked, id=23336, stack(0x0000006785900000,0x0000006785a00000)]
  0x0000017ef2c358f0 JavaThread "Catalina-utility-2" [_thread_blocked, id=23064, stack(0x0000006786600000,0x0000006786700000)]
  0x0000017ef2c349c0 JavaThread "container-0" [_thread_blocked, id=11180, stack(0x0000006786700000,0x0000006786800000)]
  0x0000017ef2c34ed0 JavaThread "boundedElastic-evictor-1" daemon [_thread_blocked, id=28280, stack(0x0000006786800000,0x0000006786900000)]
  0x0000017ef319bef0 JavaThread "http-nio-8080-exec-1" daemon [_thread_blocked, id=3640, stack(0x0000006786900000,0x0000006786a00000)]
  0x0000017ef319d330 JavaThread "http-nio-8080-exec-2" daemon [_thread_blocked, id=27556, stack(0x0000006786a00000,0x0000006786b00000)]
  0x0000017ef319b4d0 JavaThread "http-nio-8080-exec-3" daemon [_thread_blocked, id=18568, stack(0x0000006786b00000,0x0000006786c00000)]
  0x0000017ef319d840 JavaThread "http-nio-8080-exec-4" daemon [_thread_blocked, id=23520, stack(0x0000006786c00000,0x0000006786d00000)]
  0x0000017ef319afc0 JavaThread "http-nio-8080-exec-5" daemon [_thread_blocked, id=13908, stack(0x0000006786d00000,0x0000006786e00000)]
  0x0000017ef319a090 JavaThread "http-nio-8080-exec-6" daemon [_thread_blocked, id=20320, stack(0x0000006786e00000,0x0000006786f00000)]
  0x0000017ef319b9e0 JavaThread "http-nio-8080-exec-7" daemon [_thread_blocked, id=26080, stack(0x0000006786f00000,0x0000006787000000)]
  0x0000017ef319c400 JavaThread "http-nio-8080-exec-8" daemon [_thread_blocked, id=19216, stack(0x0000006787000000,0x0000006787100000)]
  0x0000017ef319dd50 JavaThread "http-nio-8080-exec-9" daemon [_thread_blocked, id=19448, stack(0x0000006787100000,0x0000006787200000)]
  0x0000017ef319e260 JavaThread "http-nio-8080-exec-10" daemon [_thread_blocked, id=16300, stack(0x0000006787200000,0x0000006787300000)]
  0x0000017ef319aab0 JavaThread "http-nio-8080-Poller" daemon [_thread_in_native, id=23704, stack(0x0000006787300000,0x0000006787400000)]
  0x0000017ef319fbb0 JavaThread "http-nio-8080-Acceptor" daemon [_thread_in_native, id=9724, stack(0x0000006787400000,0x0000006787500000)]
  0x0000017ef31a00c0 JavaThread "scheduling-1" [_thread_blocked, id=21316, stack(0x0000006787500000,0x0000006787600000)]
  0x0000017ef319c910 JavaThread "DestroyJavaVM" [_thread_blocked, id=3864, stack(0x0000006784400000,0x0000006784500000)]

Other Threads:
  0x0000017ea7589b90 VMThread "VM Thread" [stack: 0x0000006784a00000,0x0000006784b00000] [id=28624]
  0x0000017e895b27d0 WatcherThread [stack: 0x0000006785700000,0x0000006785800000] [id=12516]
  0x0000017e8960efa0 GCTaskThread "GC Thread#0" [stack: 0x0000006784500000,0x0000006784600000] [id=14276]
  0x0000017eed7fe7b0 GCTaskThread "GC Thread#1" [stack: 0x0000006785a00000,0x0000006785b00000] [id=29480]
  0x0000017eed7fea70 GCTaskThread "GC Thread#2" [stack: 0x0000006785b00000,0x0000006785c00000] [id=8272]
  0x0000017eee7e58d0 GCTaskThread "GC Thread#3" [stack: 0x0000006785c00000,0x0000006785d00000] [id=24108]
  0x0000017eed695c30 GCTaskThread "GC Thread#4" [stack: 0x0000006785d00000,0x0000006785e00000] [id=14128]
  0x0000017eee708c30 GCTaskThread "GC Thread#5" [stack: 0x0000006785f00000,0x0000006786000000] [id=5828]
  0x0000017eee0c4960 GCTaskThread "GC Thread#6" [stack: 0x0000006786000000,0x0000006786100000] [id=19604]
  0x0000017eee753f10 GCTaskThread "GC Thread#7" [stack: 0x0000006786100000,0x0000006786200000] [id=26920]
  0x0000017e896206c0 ConcurrentGCThread "G1 Main Marker" [stack: 0x0000006784600000,0x0000006784700000] [id=7128]
  0x0000017e89622880 ConcurrentGCThread "G1 Conc#0" [stack: 0x0000006784700000,0x0000006784800000] [id=29656]
  0x0000017eee936260 ConcurrentGCThread "G1 Conc#1" [stack: 0x0000006785e00000,0x0000006785f00000] [id=14624]
  0x0000017e8966dde0 ConcurrentGCThread "G1 Refine#0" [stack: 0x0000006784800000,0x0000006784900000] [id=19888]
  0x0000017e8966e6b0 ConcurrentGCThread "G1 Service" [stack: 0x0000006784900000,0x0000006784a00000] [id=17252]

Threads with active compile tasks:
C2 CompilerThread0  5181576 16442       4       org.springframework.security.core.context.ThreadLocalSecurityContextHolderStrategy$$Lambda$1820/0x0000017ea9b92a18::get (8 bytes)

VM state: not at safepoint (normal execution)

VM Mutex/Monitor currently owned by a thread: None

Heap address: 0x0000000082800000, size: 2008 MB, Compressed Oops mode: 32-bit

CDS archive(s) mapped at: [0x0000017ea8000000-0x0000017ea8bd0000-0x0000017ea8bd0000), size 12386304, SharedBaseAddress: 0x0000017ea8000000, ArchiveRelocationMode: 1.
Compressed class space mapped at: 0x0000017ea9000000-0x0000017ee9000000, reserved size: 1073741824
Narrow klass base: 0x0000017ea8000000, Narrow klass shift: 0, Narrow klass range: 0x100000000

GC Precious Log:
 CPUs: 8 total, 8 available
 Memory: 8029M
 Large Page Support: Disabled
 NUMA Support: Disabled
 Compressed Oops: Enabled (32-bit)
 Heap Region Size: 1M
 Heap Min Capacity: 8M
 Heap Initial Capacity: 126M
 Heap Max Capacity: 2008M
 Pre-touch: Disabled
 Parallel Workers: 8
 Concurrent Workers: 2
 Concurrent Refinement Workers: 8
 Periodic GC: Disabled

Heap:
 garbage-first heap   total 107520K, used 68683K [0x0000000082800000, 0x0000000100000000)
  region size 1024K, 23 young (23552K), 2 survivors (2048K)
 Metaspace       used 93671K, committed 94592K, reserved 1179648K
  class space    used 12316K, committed 12736K, reserved 1048576K

Heap Regions: E=young(eden), S=young(survivor), O=old, HS=humongous(starts), HC=humongous(continues), CS=collection set, F=free, OA=open archive, CA=closed archive, TAMS=top-at-mark-start (previous, next)
|   0|0x0000000082800000, 0x0000000082900000, 0x0000000082900000|100%|HS|  |TAMS 0x0000000082900000, 0x0000000082800000| Complete 
|   1|0x0000000082900000, 0x0000000082a00000, 0x0000000082a00000|100%| O|  |TAMS 0x0000000082a00000, 0x0000000082900000| Untracked 
|   2|0x0000000082a00000, 0x0000000082b00000, 0x0000000082b00000|100%| O|  |TAMS 0x0000000082b00000, 0x0000000082a00000| Untracked 
|   3|0x0000000082b00000, 0x0000000082c00000, 0x0000000082c00000|100%| O|  |TAMS 0x0000000082c00000, 0x0000000082b00000| Untracked 
|   4|0x0000000082c00000, 0x0000000082d00000, 0x0000000082d00000|100%| O|  |TAMS 0x0000000082d00000, 0x0000000082c00000| Untracked 
|   5|0x0000000082d00000, 0x0000000082e00000, 0x0000000082e00000|100%| O|  |TAMS 0x0000000082e00000, 0x0000000082d00000| Untracked 
|   6|0x0000000082e00000, 0x0000000082f00000, 0x0000000082f00000|100%| O|  |TAMS 0x0000000082f00000, 0x0000000082e00000| Untracked 
|   7|0x0000000082f00000, 0x0000000083000000, 0x0000000083000000|100%| O|  |TAMS 0x0000000083000000, 0x0000000082f00000| Untracked 
|   8|0x0000000083000000, 0x0000000083100000, 0x0000000083100000|100%| O|  |TAMS 0x0000000083100000, 0x0000000083000000| Untracked 
|   9|0x0000000083100000, 0x0000000083200000, 0x0000000083200000|100%| O|  |TAMS 0x0000000083200000, 0x0000000083100000| Untracked 
|  10|0x0000000083200000, 0x0000000083300000, 0x0000000083300000|100%| O|  |TAMS 0x0000000083300000, 0x0000000083200000| Untracked 
|  11|0x0000000083300000, 0x0000000083400000, 0x0000000083400000|100%| O|  |TAMS 0x0000000083400000, 0x0000000083300000| Untracked 
|  12|0x0000000083400000, 0x0000000083500000, 0x0000000083500000|100%| O|  |TAMS 0x0000000083500000, 0x0000000083400000| Untracked 
|  13|0x0000000083500000, 0x0000000083600000, 0x0000000083600000|100%| O|  |TAMS 0x0000000083600000, 0x0000000083500000| Untracked 
|  14|0x0000000083600000, 0x0000000083700000, 0x0000000083700000|100%| O|  |TAMS 0x0000000083700000, 0x0000000083600000| Untracked 
|  15|0x0000000083700000, 0x0000000083800000, 0x0000000083800000|100%| O|  |TAMS 0x0000000083800000, 0x0000000083700000| Untracked 
|  16|0x0000000083800000, 0x0000000083900000, 0x0000000083900000|100%| O|  |TAMS 0x0000000083900000, 0x0000000083800000| Untracked 
|  17|0x0000000083900000, 0x0000000083a00000, 0x0000000083a00000|100%| O|  |TAMS 0x0000000083900000, 0x0000000083900000| Untracked 
|  18|0x0000000083a00000, 0x0000000083b00000, 0x0000000083b00000|100%| O|  |TAMS 0x0000000083b00000, 0x0000000083a00000| Untracked 
|  19|0x0000000083b00000, 0x0000000083c00000, 0x0000000083c00000|100%| O|  |TAMS 0x0000000083c00000, 0x0000000083b00000| Untracked 
|  20|0x0000000083c00000, 0x0000000083c00000, 0x0000000083d00000|  0%| F|  |TAMS 0x0000000083c00000, 0x0000000083c00000| Untracked 
|  21|0x0000000083d00000, 0x0000000083e00000, 0x0000000083e00000|100%| O|  |TAMS 0x0000000083e00000, 0x0000000083d00000| Untracked 
|  22|0x0000000083e00000, 0x0000000083f00000, 0x0000000083f00000|100%| O|  |TAMS 0x0000000083f00000, 0x0000000083e00000| Untracked 
|  23|0x0000000083f00000, 0x0000000084000000, 0x0000000084000000|100%| O|  |TAMS 0x0000000084000000, 0x0000000083f00000| Untracked 
|  24|0x0000000084000000, 0x0000000084100000, 0x0000000084100000|100%| O|  |TAMS 0x0000000084100000, 0x0000000084000000| Untracked 
|  25|0x0000000084100000, 0x0000000084200000, 0x0000000084200000|100%| O|  |TAMS 0x0000000084200000, 0x0000000084100000| Untracked 
|  26|0x0000000084200000, 0x0000000084300000, 0x0000000084300000|100%| O|  |TAMS 0x0000000084300000, 0x0000000084200000| Untracked 
|  27|0x0000000084300000, 0x0000000084400000, 0x0000000084400000|100%| O|  |TAMS 0x0000000084400000, 0x0000000084300000| Untracked 
|  28|0x0000000084400000, 0x0000000084500000, 0x0000000084500000|100%| O|  |TAMS 0x0000000084500000, 0x0000000084400000| Untracked 
|  29|0x0000000084500000, 0x0000000084600000, 0x0000000084600000|100%| O|  |TAMS 0x0000000084600000, 0x0000000084500000| Untracked 
|  30|0x0000000084600000, 0x0000000084700000, 0x0000000084700000|100%| O|  |TAMS 0x0000000084700000, 0x0000000084600000| Untracked 
|  31|0x0000000084700000, 0x0000000084800000, 0x0000000084800000|100%| O|  |TAMS 0x0000000084800000, 0x0000000084700000| Untracked 
|  32|0x0000000084800000, 0x0000000084900000, 0x0000000084900000|100%| O|  |TAMS 0x0000000084900000, 0x0000000084800000| Untracked 
|  33|0x0000000084900000, 0x0000000084a00000, 0x0000000084a00000|100%| O|  |TAMS 0x0000000084a00000, 0x0000000084900000| Untracked 
|  34|0x0000000084a00000, 0x0000000084b00000, 0x0000000084b00000|100%| O|  |TAMS 0x0000000084b00000, 0x0000000084a00000| Untracked 
|  35|0x0000000084b00000, 0x0000000084c00000, 0x0000000084c00000|100%| O|  |TAMS 0x0000000084c00000, 0x0000000084b00000| Untracked 
|  36|0x0000000084c00000, 0x0000000084d00000, 0x0000000084d00000|100%| O|  |TAMS 0x0000000084d00000, 0x0000000084c00000| Untracked 
|  37|0x0000000084d00000, 0x0000000084e00000, 0x0000000084e00000|100%| O|  |TAMS 0x0000000084e00000, 0x0000000084d00000| Untracked 
|  38|0x0000000084e00000, 0x0000000084f00000, 0x0000000084f00000|100%| O|  |TAMS 0x0000000084f00000, 0x0000000084e00000| Untracked 
|  39|0x0000000084f00000, 0x0000000085000000, 0x0000000085000000|100%| O|  |TAMS 0x0000000085000000, 0x0000000084f00000| Untracked 
|  40|0x0000000085000000, 0x0000000085100000, 0x0000000085100000|100%| O|  |TAMS 0x0000000085100000, 0x0000000085000000| Untracked 
|  41|0x0000000085100000, 0x0000000085200000, 0x0000000085200000|100%| O|  |TAMS 0x0000000085200000, 0x0000000085100000| Untracked 
|  42|0x0000000085200000, 0x0000000085300000, 0x0000000085300000|100%| O|  |TAMS 0x0000000085300000, 0x0000000085200000| Untracked 
|  43|0x0000000085300000, 0x0000000085400000, 0x0000000085400000|100%| O|  |TAMS 0x0000000085400000, 0x0000000085300000| Untracked 
|  44|0x0000000085400000, 0x0000000085500000, 0x0000000085500000|100%| O|  |TAMS 0x0000000085500000, 0x0000000085400000| Untracked 
|  45|0x0000000085500000, 0x0000000085600000, 0x0000000085600000|100%| O|  |TAMS 0x000000008556e000, 0x0000000085500000| Untracked 
|  46|0x0000000085600000, 0x0000000085698200, 0x0000000085700000| 59%| O|  |TAMS 0x0000000085600000, 0x0000000085600000| Untracked 
|  47|0x0000000085700000, 0x0000000085700000, 0x0000000085800000|  0%| F|  |TAMS 0x0000000085700000, 0x0000000085700000| Untracked 
|  48|0x0000000085800000, 0x0000000085800000, 0x0000000085900000|  0%| F|  |TAMS 0x0000000085800000, 0x0000000085800000| Untracked 
|  49|0x0000000085900000, 0x0000000085900000, 0x0000000085a00000|  0%| F|  |TAMS 0x0000000085900000, 0x0000000085900000| Untracked 
|  50|0x0000000085a00000, 0x0000000085a00000, 0x0000000085b00000|  0%| F|  |TAMS 0x0000000085a00000, 0x0000000085a00000| Untracked 
|  51|0x0000000085b00000, 0x0000000085b00000, 0x0000000085c00000|  0%| F|  |TAMS 0x0000000085b00000, 0x0000000085b00000| Untracked 
|  52|0x0000000085c00000, 0x0000000085c00000, 0x0000000085d00000|  0%| F|  |TAMS 0x0000000085c00000, 0x0000000085c00000| Untracked 
|  53|0x0000000085d00000, 0x0000000085d00000, 0x0000000085e00000|  0%| F|  |TAMS 0x0000000085d00000, 0x0000000085d00000| Untracked 
|  54|0x0000000085e00000, 0x0000000085e00000, 0x0000000085f00000|  0%| F|  |TAMS 0x0000000085e00000, 0x0000000085e00000| Untracked 
|  55|0x0000000085f00000, 0x0000000085f00000, 0x0000000086000000|  0%| F|  |TAMS 0x0000000085f00000, 0x0000000085f00000| Untracked 
|  56|0x0000000086000000, 0x0000000086000000, 0x0000000086100000|  0%| F|  |TAMS 0x0000000086000000, 0x0000000086000000| Untracked 
|  57|0x0000000086100000, 0x0000000086100000, 0x0000000086200000|  0%| F|  |TAMS 0x0000000086100000, 0x0000000086100000| Untracked 
|  58|0x0000000086200000, 0x0000000086200000, 0x0000000086300000|  0%| F|  |TAMS 0x0000000086200000, 0x0000000086200000| Untracked 
|  59|0x0000000086300000, 0x0000000086300000, 0x0000000086400000|  0%| F|  |TAMS 0x0000000086300000, 0x0000000086300000| Untracked 
|  60|0x0000000086400000, 0x0000000086400000, 0x0000000086500000|  0%| F|  |TAMS 0x0000000086400000, 0x0000000086400000| Untracked 
|  61|0x0000000086500000, 0x000000008657aaa0, 0x0000000086600000| 47%| S|CS|TAMS 0x0000000086500000, 0x0000000086500000| Complete 
|  62|0x0000000086600000, 0x0000000086600000, 0x0000000086700000|  0%| F|  |TAMS 0x0000000086600000, 0x0000000086600000| Untracked 
|  63|0x0000000086700000, 0x0000000086700000, 0x0000000086800000|  0%| F|  |TAMS 0x0000000086700000, 0x0000000086700000| Untracked 
|  64|0x0000000086800000, 0x0000000086900000, 0x0000000086900000|100%| S|CS|TAMS 0x0000000086800000, 0x0000000086800000| Complete 
|  65|0x0000000086900000, 0x0000000086900000, 0x0000000086a00000|  0%| F|  |TAMS 0x0000000086900000, 0x0000000086900000| Untracked 
|  66|0x0000000086a00000, 0x0000000086a00000, 0x0000000086b00000|  0%| F|  |TAMS 0x0000000086a00000, 0x0000000086a00000| Untracked 
|  67|0x0000000086b00000, 0x0000000086b00000, 0x0000000086c00000|  0%| F|  |TAMS 0x0000000086b00000, 0x0000000086b00000| Untracked 
|  68|0x0000000086c00000, 0x0000000086c00000, 0x0000000086d00000|  0%| F|  |TAMS 0x0000000086c00000, 0x0000000086c00000| Untracked 
|  69|0x0000000086d00000, 0x0000000086d00000, 0x0000000086e00000|  0%| F|  |TAMS 0x0000000086d00000, 0x0000000086d00000| Untracked 
|  70|0x0000000086e00000, 0x0000000086e00000, 0x0000000086f00000|  0%| F|  |TAMS 0x0000000086e00000, 0x0000000086e00000| Untracked 
|  71|0x0000000086f00000, 0x0000000086f00000, 0x0000000087000000|  0%| F|  |TAMS 0x0000000086f00000, 0x0000000086f00000| Untracked 
|  72|0x0000000087000000, 0x0000000087000000, 0x0000000087100000|  0%| F|  |TAMS 0x0000000087000000, 0x0000000087000000| Untracked 
|  73|0x0000000087100000, 0x0000000087100000, 0x0000000087200000|  0%| F|  |TAMS 0x0000000087100000, 0x0000000087100000| Untracked 
|  74|0x0000000087200000, 0x0000000087200000, 0x0000000087300000|  0%| F|  |TAMS 0x0000000087200000, 0x0000000087200000| Untracked 
|  75|0x0000000087300000, 0x0000000087300000, 0x0000000087400000|  0%| F|  |TAMS 0x0000000087300000, 0x0000000087300000| Untracked 
|  76|0x0000000087400000, 0x0000000087400000, 0x0000000087500000|  0%| F|  |TAMS 0x0000000087400000, 0x0000000087400000| Untracked 
|  77|0x0000000087500000, 0x0000000087500000, 0x0000000087600000|  0%| F|  |TAMS 0x0000000087500000, 0x0000000087500000| Untracked 
|  78|0x0000000087600000, 0x0000000087600000, 0x0000000087700000|  0%| F|  |TAMS 0x0000000087600000, 0x0000000087600000| Untracked 
|  79|0x0000000087700000, 0x0000000087700000, 0x0000000087800000|  0%| F|  |TAMS 0x0000000087700000, 0x0000000087700000| Untracked 
|  80|0x0000000087800000, 0x0000000087800000, 0x0000000087900000|  0%| F|  |TAMS 0x0000000087800000, 0x0000000087800000| Untracked 
|  81|0x0000000087900000, 0x0000000087900000, 0x0000000087a00000|  0%| F|  |TAMS 0x0000000087900000, 0x0000000087900000| Untracked 
|  82|0x0000000087a00000, 0x0000000087a00000, 0x0000000087b00000|  0%| F|  |TAMS 0x0000000087a00000, 0x0000000087a00000| Untracked 
|  83|0x0000000087b00000, 0x0000000087b00000, 0x0000000087c00000|  0%| F|  |TAMS 0x0000000087b00000, 0x0000000087b00000| Untracked 
|  84|0x0000000087c00000, 0x0000000087cae0d0, 0x0000000087d00000| 67%| E|  |TAMS 0x0000000087c00000, 0x0000000087c00000| Complete 
|  85|0x0000000087d00000, 0x0000000087e00000, 0x0000000087e00000|100%| E|CS|TAMS 0x0000000087d00000, 0x0000000087d00000| Complete 
|  86|0x0000000087e00000, 0x0000000087f00000, 0x0000000087f00000|100%| E|CS|TAMS 0x0000000087e00000, 0x0000000087e00000| Complete 
|  87|0x0000000087f00000, 0x0000000088000000, 0x0000000088000000|100%| E|CS|TAMS 0x0000000087f00000, 0x0000000087f00000| Complete 
|  88|0x0000000088000000, 0x0000000088100000, 0x0000000088100000|100%| E|CS|TAMS 0x0000000088000000, 0x0000000088000000| Complete 
|  89|0x0000000088100000, 0x0000000088200000, 0x0000000088200000|100%| E|CS|TAMS 0x0000000088100000, 0x0000000088100000| Complete 
|  90|0x0000000088200000, 0x0000000088300000, 0x0000000088300000|100%| E|CS|TAMS 0x0000000088200000, 0x0000000088200000| Complete 
|  91|0x0000000088300000, 0x0000000088400000, 0x0000000088400000|100%| E|CS|TAMS 0x0000000088300000, 0x0000000088300000| Complete 
|  92|0x0000000088400000, 0x0000000088500000, 0x0000000088500000|100%| E|CS|TAMS 0x0000000088400000, 0x0000000088400000| Complete 
|  93|0x0000000088500000, 0x0000000088600000, 0x0000000088600000|100%| E|CS|TAMS 0x0000000088500000, 0x0000000088500000| Complete 
|  94|0x0000000088600000, 0x0000000088700000, 0x0000000088700000|100%| E|CS|TAMS 0x0000000088600000, 0x0000000088600000| Complete 
|  95|0x0000000088700000, 0x0000000088800000, 0x0000000088800000|100%| E|CS|TAMS 0x0000000088700000, 0x0000000088700000| Complete 
|  96|0x0000000088800000, 0x0000000088900000, 0x0000000088900000|100%| E|CS|TAMS 0x0000000088800000, 0x0000000088800000| Complete 
|  97|0x0000000088900000, 0x0000000088a00000, 0x0000000088a00000|100%| E|CS|TAMS 0x0000000088900000, 0x0000000088900000| Complete 
|  98|0x0000000088a00000, 0x0000000088b00000, 0x0000000088b00000|100%| E|CS|TAMS 0x0000000088a00000, 0x0000000088a00000| Complete 
|  99|0x0000000088b00000, 0x0000000088c00000, 0x0000000088c00000|100%| E|CS|TAMS 0x0000000088b00000, 0x0000000088b00000| Complete 
| 100|0x0000000088c00000, 0x0000000088d00000, 0x0000000088d00000|100%| E|CS|TAMS 0x0000000088c00000, 0x0000000088c00000| Complete 
| 101|0x0000000088d00000, 0x0000000088e00000, 0x0000000088e00000|100%| E|CS|TAMS 0x0000000088d00000, 0x0000000088d00000| Complete 
| 102|0x0000000088e00000, 0x0000000088f00000, 0x0000000088f00000|100%| E|CS|TAMS 0x0000000088e00000, 0x0000000088e00000| Complete 
| 103|0x0000000088f00000, 0x0000000089000000, 0x0000000089000000|100%| E|CS|TAMS 0x0000000088f00000, 0x0000000088f00000| Complete 
| 125|0x000000008a500000, 0x000000008a600000, 0x000000008a600000|100%| E|CS|TAMS 0x000000008a500000, 0x000000008a500000| Complete 

Card table byte_map: [0x0000017ea0590000,0x0000017ea0980000] _byte_map_base: 0x0000017ea017c000

Marking Bits (Prev, Next): (CMBitMap*) 0x0000017e8960f600, (CMBitMap*) 0x0000017e8960f5c0
 Prev Bits: [0x0000017ea2cd0000, 0x0000017ea4c30000)
 Next Bits: [0x0000017ea0d70000, 0x0000017ea2cd0000)

Polling page: 0x0000017e87440000

Metaspace:

Usage:
  Non-class:     79.45 MB used.
      Class:     12.03 MB used.
       Both:     91.48 MB used.

Virtual space:
  Non-class space:      128.00 MB reserved,      79.94 MB ( 62%) committed,  2 nodes.
      Class space:        1.00 GB reserved,      12.44 MB (  1%) committed,  1 nodes.
             Both:        1.12 GB reserved,      92.38 MB (  8%) committed. 

Chunk freelists:
   Non-Class:  15.66 MB
       Class:  3.56 MB
        Both:  19.22 MB

MaxMetaspaceSize: unlimited
CompressedClassSpaceSize: 1.00 GB
Initial GC threshold: 21.00 MB
Current GC threshold: 149.00 MB
CDS: on
MetaspaceReclaimPolicy: balanced
 - commit_granule_bytes: 65536.
 - commit_granule_words: 8192.
 - virtual_space_node_default_size: 8388608.
 - enlarge_chunks_in_place: 1.
 - new_chunks_are_fully_committed: 0.
 - uncommit_free_chunks: 1.
 - use_allocation_guard: 0.
 - handle_deallocations: 1.


Internal statistics:

num_allocs_failed_limit: 9.
num_arena_births: 1492.
num_arena_deaths: 0.
num_vsnodes_births: 3.
num_vsnodes_deaths: 0.
num_space_committed: 1478.
num_space_uncommitted: 0.
num_chunks_returned_to_freelist: 9.
num_chunks_taken_from_freelist: 5075.
num_chunk_merges: 9.
num_chunk_splits: 3443.
num_chunks_enlarged: 2467.
num_inconsistent_stats: 0.

CodeHeap 'non-profiled nmethods': size=120000Kb used=9183Kb max_used=9183Kb free=110816Kb
 bounds [0x0000017e98930000, 0x0000017e99230000, 0x0000017e9fe60000]
CodeHeap 'profiled nmethods': size=120000Kb used=27590Kb max_used=27590Kb free=92409Kb
 bounds [0x0000017e90e60000, 0x0000017e92960000, 0x0000017e98390000]
CodeHeap 'non-nmethods': size=5760Kb used=1401Kb max_used=1508Kb free=4358Kb
 bounds [0x0000017e98390000, 0x0000017e98600000, 0x0000017e98930000]
 total_blobs=14535 nmethods=13796 adapters=649
 compilation: enabled
              stopped_count=0, restarted_count=0
 full_count=0

Compilation events (20 events):
Event: 5024.347 Thread 0x0000017ea75b1180 nmethod 16432 0x0000017e9921d790 code [0x0000017e9921d920, 0x0000017e9921db08]
Event: 5084.346 Thread 0x0000017ea75b9c40 16433       3       sun.nio.ch.SocketChannelImpl::isNetSocket (26 bytes)
Event: 5084.356 Thread 0x0000017ea75b9c40 nmethod 16433 0x0000017e92955f90 code [0x0000017e92956120, 0x0000017e929562d8]
Event: 5143.332 Thread 0x0000017ea75b1180 16434   !   4       org.apache.coyote.http11.Http11Processor::prepareRequest (678 bytes)
Event: 5143.562 Thread 0x0000017ea75b9c40 16435       3       java.util.concurrent.ConcurrentHashMap$ValueIterator::<init> (12 bytes)
Event: 5143.566 Thread 0x0000017ea75b9c40 nmethod 16435 0x0000017e91de2690 code [0x0000017e91de2820, 0x0000017e91de2968]
Event: 5143.665 Thread 0x0000017ea75b1180 nmethod 16434 0x0000017e9921dc90 code [0x0000017e9921e0e0, 0x0000017e99221f00]
Event: 5151.344 Thread 0x0000017ea75b1180 16436       4       org.springframework.http.HttpHeaders::getContentType (24 bytes)
Event: 5151.417 Thread 0x0000017ea75b1180 nmethod 16436 0x0000017e99226290 code [0x0000017e99226480, 0x0000017e99226c48]
Event: 5153.569 Thread 0x0000017ea75b9c40 16437       3       java.util.concurrent.ConcurrentHashMap::values (25 bytes)
Event: 5153.572 Thread 0x0000017ea75b9c40 nmethod 16437 0x0000017e92956390 code [0x0000017e92956540, 0x0000017e929568d8]
Event: 5153.572 Thread 0x0000017ea75b9c40 16438       3       java.util.concurrent.ConcurrentHashMap$ValuesView::iterator (34 bytes)
Event: 5153.572 Thread 0x0000017ea75b9c40 nmethod 16438 0x0000017e92956a10 code [0x0000017e92956bc0, 0x0000017e92956de8]
Event: 5168.407 Thread 0x0000017ea75b1180 16439       4       org.springframework.security.web.firewall.StrictHttpFirewall::isNormalized (86 bytes)
Event: 5168.417 Thread 0x0000017ea75b1180 nmethod 16439 0x0000017e99227110 code [0x0000017e992272a0, 0x0000017e99227478]
Event: 5168.418 Thread 0x0000017ea75b1180 16440       4       org.apache.catalina.connector.ResponseFacade::checkFacade (24 bytes)
Event: 5168.424 Thread 0x0000017ea75b1180 nmethod 16440 0x0000017e99227690 code [0x0000017e99227800, 0x0000017e99227898]
Event: 5177.273 Thread 0x0000017ea75b1180 16441       4       org.springframework.security.core.context.ThreadLocalSecurityContextHolderStrategy::getDeferredContext (35 bytes)
Event: 5177.292 Thread 0x0000017ea75b1180 nmethod 16441 0x0000017e99227990 code [0x0000017e99227b40, 0x0000017e99227cf8]
Event: 5177.292 Thread 0x0000017ea75b1180 16442       4       org.springframework.security.core.context.ThreadLocalSecurityContextHolderStrategy$$Lambda$1820/0x0000017ea9b92a18::get (8 bytes)

GC Heap History (20 events):
Event: 10.367 GC heap before
{Heap before GC invocations=20 (full 0):
 garbage-first heap   total 84992K, used 68109K [0x0000000082800000, 0x0000000100000000)
  region size 1024K, 32 young (32768K), 4 survivors (4096K)
 Metaspace       used 79200K, committed 79872K, reserved 1179648K
  class space    used 10822K, committed 11136K, reserved 1048576K
}
Event: 10.371 GC heap after
{Heap after GC invocations=21 (full 0):
 garbage-first heap   total 84992K, used 41416K [0x0000000082800000, 0x0000000100000000)
  region size 1024K, 4 young (4096K), 4 survivors (4096K)
 Metaspace       used 79200K, committed 79872K, reserved 1179648K
  class space    used 10822K, committed 11136K, reserved 1048576K
}
Event: 10.775 GC heap before
{Heap before GC invocations=21 (full 0):
 garbage-first heap   total 84992K, used 69064K [0x0000000082800000, 0x0000000100000000)
  region size 1024K, 31 young (31744K), 4 survivors (4096K)
 Metaspace       used 81503K, committed 82176K, reserved 1179648K
  class space    used 11168K, committed 11520K, reserved 1048576K
}
Event: 10.779 GC heap after
{Heap after GC invocations=22 (full 0):
 garbage-first heap   total 84992K, used 43528K [0x0000000082800000, 0x0000000100000000)
  region size 1024K, 4 young (4096K), 4 survivors (4096K)
 Metaspace       used 81503K, committed 82176K, reserved 1179648K
  class space    used 11168K, committed 11520K, reserved 1048576K
}
Event: 11.118 GC heap before
{Heap before GC invocations=22 (full 0):
 garbage-first heap   total 84992K, used 69128K [0x0000000082800000, 0x0000000100000000)
  region size 1024K, 29 young (29696K), 4 survivors (4096K)
 Metaspace       used 85646K, committed 86272K, reserved 1179648K
  class space    used 11722K, committed 12032K, reserved 1048576K
}
Event: 11.129 GC heap after
{Heap after GC invocations=23 (full 0):
 garbage-first heap   total 84992K, used 45496K [0x0000000082800000, 0x0000000100000000)
  region size 1024K, 3 young (3072K), 3 survivors (3072K)
 Metaspace       used 85646K, committed 86272K, reserved 1179648K
  class space    used 11722K, committed 12032K, reserved 1048576K
}
Event: 17.336 GC heap before
{Heap before GC invocations=24 (full 0):
 garbage-first heap   total 84992K, used 68024K [0x0000000082800000, 0x0000000100000000)
  region size 1024K, 26 young (26624K), 3 survivors (3072K)
 Metaspace       used 88779K, committed 89472K, reserved 1179648K
  class space    used 12027K, committed 12352K, reserved 1048576K
}
Event: 17.338 GC heap after
{Heap after GC invocations=25 (full 0):
 garbage-first heap   total 84992K, used 46159K [0x0000000082800000, 0x0000000100000000)
  region size 1024K, 3 young (3072K), 3 survivors (3072K)
 Metaspace       used 88779K, committed 89472K, reserved 1179648K
  class space    used 12027K, committed 12352K, reserved 1048576K
}
Event: 29.719 GC heap before
{Heap before GC invocations=25 (full 0):
 garbage-first heap   total 84992K, used 47183K [0x0000000082800000, 0x0000000100000000)
  region size 1024K, 4 young (4096K), 3 survivors (3072K)
 Metaspace       used 88833K, committed 89536K, reserved 1179648K
  class space    used 12029K, committed 12352K, reserved 1048576K
}
Event: 29.727 GC heap after
{Heap after GC invocations=26 (full 0):
 garbage-first heap   total 84992K, used 46349K [0x0000000082800000, 0x0000000100000000)
  region size 1024K, 1 young (1024K), 1 survivors (1024K)
 Metaspace       used 88833K, committed 89536K, reserved 1179648K
  class space    used 12029K, committed 12352K, reserved 1048576K
}
Event: 372.101 GC heap before
{Heap before GC invocations=26 (full 0):
 garbage-first heap   total 84992K, used 69901K [0x0000000082800000, 0x0000000100000000)
  region size 1024K, 24 young (24576K), 1 survivors (1024K)
 Metaspace       used 90605K, committed 91392K, reserved 1179648K
  class space    used 12181K, committed 12544K, reserved 1048576K
}
Event: 372.200 GC heap after
{Heap after GC invocations=27 (full 0):
 garbage-first heap   total 84992K, used 47496K [0x0000000082800000, 0x0000000100000000)
  region size 1024K, 2 young (2048K), 2 survivors (2048K)
 Metaspace       used 90605K, committed 91392K, reserved 1179648K
  class space    used 12181K, committed 12544K, reserved 1048576K
}
Event: 647.107 GC heap before
{Heap before GC invocations=28 (full 0):
 garbage-first heap   total 89088K, used 70024K [0x0000000082800000, 0x0000000100000000)
  region size 1024K, 24 young (24576K), 2 survivors (2048K)
 Metaspace       used 91284K, committed 92096K, reserved 1179648K
  class space    used 12213K, committed 12608K, reserved 1048576K
}
Event: 647.135 GC heap after
{Heap after GC invocations=29 (full 0):
 garbage-first heap   total 107520K, used 47525K [0x0000000082800000, 0x0000000100000000)
  region size 1024K, 2 young (2048K), 2 survivors (2048K)
 Metaspace       used 91284K, committed 92096K, reserved 1179648K
  class space    used 12213K, committed 12608K, reserved 1048576K
}
Event: 687.326 GC heap before
{Heap before GC invocations=29 (full 0):
 garbage-first heap   total 107520K, used 50597K [0x0000000082800000, 0x0000000100000000)
  region size 1024K, 5 young (5120K), 2 survivors (2048K)
 Metaspace       used 91320K, committed 92160K, reserved 1179648K
  class space    used 12213K, committed 12608K, reserved 1048576K
}
Event: 687.344 GC heap after
{Heap after GC invocations=30 (full 0):
 garbage-first heap   total 107520K, used 47101K [0x0000000082800000, 0x0000000100000000)
  region size 1024K, 1 young (1024K), 1 survivors (1024K)
 Metaspace       used 91320K, committed 92160K, reserved 1179648K
  class space    used 12213K, committed 12608K, reserved 1048576K
}
Event: 2178.613 GC heap before
{Heap before GC invocations=30 (full 0):
 garbage-first heap   total 107520K, used 88061K [0x0000000082800000, 0x0000000100000000)
  region size 1024K, 41 young (41984K), 1 survivors (1024K)
 Metaspace       used 92484K, committed 93312K, reserved 1179648K
  class space    used 12262K, committed 12672K, reserved 1048576K
}
Event: 2178.643 GC heap after
{Heap after GC invocations=31 (full 0):
 garbage-first heap   total 107520K, used 47873K [0x0000000082800000, 0x0000000100000000)
  region size 1024K, 2 young (2048K), 2 survivors (2048K)
 Metaspace       used 92484K, committed 93312K, reserved 1179648K
  class space    used 12262K, committed 12672K, reserved 1048576K
}
Event: 3384.268 GC heap before
{Heap before GC invocations=31 (full 0):
 garbage-first heap   total 107520K, used 88833K [0x0000000082800000, 0x0000000100000000)
  region size 1024K, 42 young (43008K), 2 survivors (2048K)
 Metaspace       used 93456K, committed 94336K, reserved 1179648K
  class space    used 12316K, committed 12736K, reserved 1048576K
}
Event: 3384.300 GC heap after
{Heap after GC invocations=32 (full 0):
 garbage-first heap   total 107520K, used 48203K [0x0000000082800000, 0x0000000100000000)
  region size 1024K, 2 young (2048K), 2 survivors (2048K)
 Metaspace       used 93456K, committed 94336K, reserved 1179648K
  class space    used 12316K, committed 12736K, reserved 1048576K
}

Deoptimization events (20 events):
Event: 3712.449 Thread 0x0000017ef2c358f0 Uncommon trap: trap_request=0xffffffbe fr.pc=0x0000017e991f28dc relative=0x000000000000023c
Event: 3712.450 Thread 0x0000017ef2c358f0 Uncommon trap: reason=profile_predicate action=maybe_recompile pc=0x0000017e991f28dc method=java.util.HashMap.valuesToArray([Ljava/lang/Object;)[Ljava/lang/Object; @ 48 c2
Event: 3712.450 Thread 0x0000017ef2c358f0 DEOPT PACKING pc=0x0000017e991f28dc sp=0x00000067866ff050
Event: 3712.450 Thread 0x0000017ef2c358f0 DEOPT UNPACKING pc=0x0000017e983e23a3 sp=0x00000067866feff8 mode 2
Event: 3822.520 Thread 0x0000017ef2c358f0 Uncommon trap: trap_request=0xffffffd6 fr.pc=0x0000017e992002a8 relative=0x0000000000000488
Event: 3822.520 Thread 0x0000017ef2c358f0 Uncommon trap: reason=array_check action=maybe_recompile pc=0x0000017e992002a8 method=java.util.HashMap.valuesToArray([Ljava/lang/Object;)[Ljava/lang/Object; @ 62 c2
Event: 3822.520 Thread 0x0000017ef2c358f0 DEOPT PACKING pc=0x0000017e992002a8 sp=0x00000067866ff050
Event: 3822.520 Thread 0x0000017ef2c358f0 DEOPT UNPACKING pc=0x0000017e983e23a3 sp=0x00000067866fefe8 mode 2
Event: 3822.521 Thread 0x0000017ef2c358f0 Uncommon trap: trap_request=0xffffffd6 fr.pc=0x0000017e992002a8 relative=0x0000000000000488
Event: 3822.521 Thread 0x0000017ef2c358f0 Uncommon trap: reason=array_check action=maybe_recompile pc=0x0000017e992002a8 method=java.util.HashMap.valuesToArray([Ljava/lang/Object;)[Ljava/lang/Object; @ 62 c2
Event: 3822.521 Thread 0x0000017ef2c358f0 DEOPT PACKING pc=0x0000017e992002a8 sp=0x00000067866fef80
Event: 3822.521 Thread 0x0000017ef2c358f0 DEOPT UNPACKING pc=0x0000017e983e23a3 sp=0x00000067866fef18 mode 2
Event: 3822.521 Thread 0x0000017ef2c358f0 Uncommon trap: trap_request=0xffffffd6 fr.pc=0x0000017e992002a8 relative=0x0000000000000488
Event: 3822.521 Thread 0x0000017ef2c358f0 Uncommon trap: reason=array_check action=maybe_recompile pc=0x0000017e992002a8 method=java.util.HashMap.valuesToArray([Ljava/lang/Object;)[Ljava/lang/Object; @ 62 c2
Event: 3822.521 Thread 0x0000017ef2c358f0 DEOPT PACKING pc=0x0000017e992002a8 sp=0x00000067866feeb0
Event: 3822.521 Thread 0x0000017ef2c358f0 DEOPT UNPACKING pc=0x0000017e983e23a3 sp=0x00000067866fee48 mode 2
Event: 3832.532 Thread 0x0000017ef2c344b0 Uncommon trap: trap_request=0xffffffd6 fr.pc=0x0000017e992002a8 relative=0x0000000000000488
Event: 3832.532 Thread 0x0000017ef2c344b0 Uncommon trap: reason=array_check action=maybe_recompile pc=0x0000017e992002a8 method=java.util.HashMap.valuesToArray([Ljava/lang/Object;)[Ljava/lang/Object; @ 62 c2
Event: 3832.532 Thread 0x0000017ef2c344b0 DEOPT PACKING pc=0x0000017e992002a8 sp=0x00000067859fed70
Event: 3832.532 Thread 0x0000017ef2c344b0 DEOPT UNPACKING pc=0x0000017e983e23a3 sp=0x00000067859fed08 mode 2

Classes unloaded (0 events):
No events

Classes redefined (0 events):
No events

Internal exceptions (20 events):
Event: 1740.154 Thread 0x0000017ef319bef0 Implicit null exception at 0x0000017e98f2832a to 0x0000017e98f28570
Event: 1772.465 Thread 0x0000017eeece5ff0 Exception <a 'java/io/IOException'{0x0000000087a6f568}> (0x0000000087a6f568) 
thrown [s\open\src\hotspot\share\prims\jni.cpp, line 516]
Event: 1772.470 Thread 0x0000017eeece5ff0 Exception <a 'java/io/IOException'{0x0000000087a700a8}> (0x0000000087a700a8) 
thrown [s\open\src\hotspot\share\prims\jni.cpp, line 516]
Event: 1772.631 Thread 0x0000017eeece7430 Implicit null exception at 0x0000017e98f71280 to 0x0000017e98f71778
Event: 1772.720 Thread 0x0000017eeece7430 Implicit null exception at 0x0000017e99049420 to 0x0000017e99050358
Event: 1772.727 Thread 0x0000017eeece7430 Implicit null exception at 0x0000017e98bd1740 to 0x0000017e98bd2298
Event: 1783.424 Thread 0x0000017eeece5ff0 Exception <a 'java/io/IOException'{0x00000000879bc3a8}> (0x00000000879bc3a8) 
thrown [s\open\src\hotspot\share\prims\jni.cpp, line 516]
Event: 1783.424 Thread 0x0000017eeece5ff0 Exception <a 'java/io/IOException'{0x00000000879bcee8}> (0x00000000879bcee8) 
thrown [s\open\src\hotspot\share\prims\jni.cpp, line 516]
Event: 2120.543 Thread 0x0000017ef319afc0 Exception <a 'java/lang/NoSuchMethodError'{0x0000000086b7d478}: 'java.lang.Object java.lang.invoke.DirectMethodHandle$Holder.invokeStatic(java.lang.Object, int, int)'> (0x0000000086b7d478) 
thrown [s\open\src\hotspot\share\interpreter\linkResolver.cpp, line 759]
Event: 2175.776 Thread 0x0000017ef319dd50 Exception <a 'java/io/IOException'{0x0000000086927b08}> (0x0000000086927b08) 
thrown [s\open\src\hotspot\share\prims\jni.cpp, line 516]
Event: 2175.812 Thread 0x0000017ef319afc0 Exception <a 'java/io/IOException'{0x000000008693dd88}> (0x000000008693dd88) 
thrown [s\open\src\hotspot\share\prims\jni.cpp, line 516]
Event: 2175.813 Thread 0x0000017ef319c400 Exception <a 'java/io/IOException'{0x0000000086ac96f0}> (0x0000000086ac96f0) 
thrown [s\open\src\hotspot\share\prims\jni.cpp, line 516]
Event: 2175.846 Thread 0x0000017ef319b9e0 Exception <a 'java/io/IOException'{0x000000008696d438}> (0x000000008696d438) 
thrown [s\open\src\hotspot\share\prims\jni.cpp, line 516]
Event: 2175.888 Thread 0x0000017ef319a090 Exception <a 'java/io/IOException'{0x00000000869a85e8}> (0x00000000869a85e8) 
thrown [s\open\src\hotspot\share\prims\jni.cpp, line 516]
Event: 2176.074 Thread 0x0000017ef319d330 Exception <a 'java/io/IOException'{0x000000008681b228}> (0x000000008681b228) 
thrown [s\open\src\hotspot\share\prims\jni.cpp, line 516]
Event: 2190.440 Thread 0x0000017ef319d330 Exception <a 'java/lang/reflect/InvocationTargetException'{0x0000000088cd6f50}> (0x0000000088cd6f50) 
thrown [s\open\src\hotspot\share\runtime\reflection.cpp, line 1121]
Event: 2190.466 Thread 0x0000017ef319d840 Exception <a 'java/lang/reflect/InvocationTargetException'{0x0000000088b04fe8}> (0x0000000088b04fe8) 
thrown [s\open\src\hotspot\share\runtime\reflection.cpp, line 1121]
Event: 2856.883 Thread 0x0000017ef319a090 Exception <a 'java/lang/NoSuchMethodError'{0x0000000087454d70}: 'int java.lang.invoke.DirectMethodHandle$Holder.invokeStatic(java.lang.Object, java.lang.Object, int, int)'> (0x0000000087454d70) 
thrown [s\open\src\hotspot\share\interpreter\linkResolver.cpp, line 759]
Event: 3537.466 Thread 0x0000017eeece7430 Exception <a 'java/io/IOException'{0x0000000088c157e0}> (0x0000000088c157e0) 
thrown [s\open\src\hotspot\share\prims\jni.cpp, line 516]
Event: 3537.473 Thread 0x0000017eeece7430 Exception <a 'java/io/IOException'{0x0000000088c16320}> (0x0000000088c16320) 
thrown [s\open\src\hotspot\share\prims\jni.cpp, line 516]

VM Operations (20 events):
Event: 4570.363 Executing VM operation: HandshakeAllThreads
Event: 4570.363 Executing VM operation: HandshakeAllThreads done
Event: 4671.495 Executing VM operation: Cleanup
Event: 4671.496 Executing VM operation: Cleanup done
Event: 4810.815 Executing VM operation: HandshakeAllThreads
Event: 4810.816 Executing VM operation: HandshakeAllThreads done
Event: 4845.187 Executing VM operation: Cleanup
Event: 4845.187 Executing VM operation: Cleanup done
Event: 4964.471 Executing VM operation: Cleanup
Event: 4964.472 Executing VM operation: Cleanup done
Event: 5084.451 Executing VM operation: Cleanup
Event: 5084.452 Executing VM operation: Cleanup done
Event: 5160.071 Executing VM operation: Cleanup
Event: 5160.220 Executing VM operation: Cleanup done
Event: 5161.227 Executing VM operation: Cleanup
Event: 5161.810 Executing VM operation: Cleanup done
Event: 5162.821 Executing VM operation: Cleanup
Event: 5163.316 Executing VM operation: Cleanup done
Event: 5165.320 Executing VM operation: Cleanup
Event: 5165.320 Executing VM operation: Cleanup done

Events (20 events):
Event: 3537.395 Thread 0x0000017eeece7430 Thread added: 0x0000017eeece7430
Event: 3537.499 Thread 0x0000017eeece3c80 Thread added: 0x0000017eeece3c80
Event: 3547.170 Thread 0x0000017eeece7430 Thread exited: 0x0000017eeece7430
Event: 3547.245 Thread 0x0000017eeece3c80 Thread exited: 0x0000017eeece3c80
Event: 3560.654 Thread 0x0000017eeece3c80 Thread added: 0x0000017eeece3c80
Event: 3560.667 Thread 0x0000017eeece50c0 Thread added: 0x0000017eeece50c0
Event: 3568.176 Thread 0x0000017eeece3c80 Thread exited: 0x0000017eeece3c80
Event: 3568.238 Thread 0x0000017eeece50c0 Thread exited: 0x0000017eeece50c0
Event: 3570.833 Thread 0x0000017eeece7430 Thread added: 0x0000017eeece7430
Event: 3570.840 Thread 0x0000017eeece5ff0 Thread added: 0x0000017eeece5ff0
Event: 3582.561 Thread 0x0000017eeece7430 Thread exited: 0x0000017eeece7430
Event: 3582.639 Thread 0x0000017eeece5ff0 Thread exited: 0x0000017eeece5ff0
Event: 3587.757 Thread 0x0000017eeece4bb0 Thread added: 0x0000017eeece4bb0
Event: 3587.767 Thread 0x0000017eeece7430 Thread added: 0x0000017eeece7430
Event: 3592.770 Thread 0x0000017eeece4bb0 Thread exited: 0x0000017eeece4bb0
Event: 3592.849 Thread 0x0000017eeece7430 Thread exited: 0x0000017eeece7430
Event: 3599.371 Thread 0x0000017eeece46a0 Thread added: 0x0000017eeece46a0
Event: 3599.395 Thread 0x0000017eeece6a10 Thread added: 0x0000017eeece6a10
Event: 3604.401 Thread 0x0000017eeece46a0 Thread exited: 0x0000017eeece46a0
Event: 3604.481 Thread 0x0000017eeece6a10 Thread exited: 0x0000017eeece6a10


Dynamic libraries:
0x00007ff728950000 - 0x00007ff728960000 	C:\Program Files\Java\jdk-17\bin\java.exe
0x00007ffb60c40000 - 0x00007ffb60ea6000 	C:\WINDOWS\SYSTEM32\ntdll.dll
0x00007ffb5fe40000 - 0x00007ffb5ff09000 	C:\WINDOWS\System32\KERNEL32.DLL
0x00007ffb5e190000 - 0x00007ffb5e58a000 	C:\WINDOWS\System32\KERNELBASE.dll
0x00007ffb5e040000 - 0x00007ffb5e18c000 	C:\WINDOWS\System32\ucrtbase.dll
0x00007ffb58920000 - 0x00007ffb5893b000 	C:\Program Files\Java\jdk-17\bin\VCRUNTIME140.dll
0x00007ffb5ab40000 - 0x00007ffb5ab59000 	C:\Program Files\Java\jdk-17\bin\jli.dll
0x00007ffb5fcf0000 - 0x00007ffb5fda6000 	C:\WINDOWS\System32\ADVAPI32.dll
0x00007ffb5fc40000 - 0x00007ffb5fce9000 	C:\WINDOWS\System32\msvcrt.dll
0x00007ffb60b50000 - 0x00007ffb60bfa000 	C:\WINDOWS\System32\sechost.dll
0x00007ffb5ee50000 - 0x00007ffb5ef68000 	C:\WINDOWS\System32\RPCRT4.dll
0x00007ffb5eb50000 - 0x00007ffb5ed17000 	C:\WINDOWS\System32\USER32.dll
0x00007ffb5e590000 - 0x00007ffb5e5b7000 	C:\WINDOWS\System32\win32u.dll
0x00007ffb45970000 - 0x00007ffb45c02000 	C:\WINDOWS\WinSxS\amd64_microsoft.windows.common-controls_6595b64144ccf1df_6.0.26100.8521_none_3e08b75ce33403b3\COMCTL32.dll
0x00007ffb5f760000 - 0x00007ffb5f78b000 	C:\WINDOWS\System32\GDI32.dll
0x00007ffb5e700000 - 0x00007ffb5e82b000 	C:\WINDOWS\System32\gdi32full.dll
0x00007ffb5e650000 - 0x00007ffb5e6f3000 	C:\WINDOWS\System32\msvcp_win.dll
0x00007ffb51460000 - 0x00007ffb5146b000 	C:\WINDOWS\SYSTEM32\VERSION.dll
0x00007ffb5f9f0000 - 0x00007ffb5fa22000 	C:\WINDOWS\System32\IMM32.DLL
0x00007ffb589d0000 - 0x00007ffb589dc000 	C:\Program Files\Java\jdk-17\bin\vcruntime140_1.dll
0x00007ffb39020000 - 0x00007ffb390ae000 	C:\Program Files\Java\jdk-17\bin\msvcp140.dll
0x00007ffaec420000 - 0x00007ffaed000000 	C:\Program Files\Java\jdk-17\bin\server\jvm.dll
0x00007ffb5ee40000 - 0x00007ffb5ee48000 	C:\WINDOWS\System32\PSAPI.DLL
0x00007ffb4b630000 - 0x00007ffb4b63a000 	C:\WINDOWS\SYSTEM32\WSOCK32.dll
0x00007ffb4c520000 - 0x00007ffb4c556000 	C:\WINDOWS\SYSTEM32\WINMM.dll
0x00007ffb5fbb0000 - 0x00007ffb5fc30000 	C:\WINDOWS\System32\WS2_32.dll
0x00007ffb5cc40000 - 0x00007ffb5cc5b000 	C:\WINDOWS\SYSTEM32\kernel.appcore.dll
0x00007ffb57040000 - 0x00007ffb5704a000 	C:\Program Files\Java\jdk-17\bin\jimage.dll
0x00007ffb5b590000 - 0x00007ffb5b7d2000 	C:\WINDOWS\SYSTEM32\DBGHELP.DLL
0x00007ffb5f130000 - 0x00007ffb5f4b3000 	C:\WINDOWS\System32\combase.dll
0x00007ffb5f790000 - 0x00007ffb5f869000 	C:\WINDOWS\System32\OLEAUT32.dll
0x00007ffb42390000 - 0x00007ffb423cb000 	C:\WINDOWS\SYSTEM32\dbgcore.DLL
0x00007ffb5df90000 - 0x00007ffb5e038000 	C:\WINDOWS\System32\bcryptPrimitives.dll
0x00007ffb4ec70000 - 0x00007ffb4ec7e000 	C:\Program Files\Java\jdk-17\bin\instrument.dll
0x00007ffb4b600000 - 0x00007ffb4b625000 	C:\Program Files\Java\jdk-17\bin\java.dll
0x00007ffb2e7f0000 - 0x00007ffb2e8c7000 	C:\Program Files\Java\jdk-17\bin\jsvml.dll
0x00007ffb5ff10000 - 0x00007ffb60694000 	C:\WINDOWS\System32\SHELL32.dll
0x00007ffb5ba70000 - 0x00007ffb5c2f0000 	C:\WINDOWS\SYSTEM32\windows.storage.dll
0x00007ffb5f8f0000 - 0x00007ffb5f9e6000 	C:\WINDOWS\System32\SHCORE.dll
0x00007ffb5ed20000 - 0x00007ffb5ed87000 	C:\WINDOWS\System32\shlwapi.dll
0x00007ffb5ddf0000 - 0x00007ffb5de19000 	C:\WINDOWS\SYSTEM32\profapi.dll
0x00007ffb4ec50000 - 0x00007ffb4ec68000 	C:\Program Files\Java\jdk-17\bin\zip.dll
0x00007ffb4b660000 - 0x00007ffb4b679000 	C:\Program Files\Java\jdk-17\bin\net.dll
0x00007ffb55e70000 - 0x00007ffb55f99000 	C:\WINDOWS\SYSTEM32\WINHTTP.dll
0x00007ffb5d1d0000 - 0x00007ffb5d23c000 	C:\WINDOWS\system32\mswsock.dll
0x00007ffb49d10000 - 0x00007ffb49d26000 	C:\Program Files\Java\jdk-17\bin\nio.dll
0x00007ffb4b510000 - 0x00007ffb4b51e000 	C:\Program Files\Java\jdk-17\bin\sunmscapi.dll
0x00007ffb5e830000 - 0x00007ffb5e9a8000 	C:\WINDOWS\System32\CRYPT32.dll
0x00007ffb5d6d0000 - 0x00007ffb5d700000 	C:\WINDOWS\SYSTEM32\ncrypt.dll
0x00007ffb5d680000 - 0x00007ffb5d6bf000 	C:\WINDOWS\SYSTEM32\NTASN1.dll
0x00007ffb49990000 - 0x00007ffb499a0000 	C:\Program Files\Java\jdk-17\bin\verify.dll
0x00007ffb5d4b0000 - 0x00007ffb5d4cb000 	C:\WINDOWS\SYSTEM32\CRYPTSP.dll
0x00007ffb5cb90000 - 0x00007ffb5cbc9000 	C:\WINDOWS\system32\rsaenh.dll
0x00007ffb5d280000 - 0x00007ffb5d2b3000 	C:\WINDOWS\SYSTEM32\USERENV.dll
0x00007ffb5ddc0000 - 0x00007ffb5ddea000 	C:\WINDOWS\SYSTEM32\bcrypt.dll
0x00007ffb5d4d0000 - 0x00007ffb5d4dc000 	C:\WINDOWS\SYSTEM32\CRYPTBASE.dll
0x00007ffb5c600000 - 0x00007ffb5c633000 	C:\WINDOWS\SYSTEM32\IPHLPAPI.DLL
0x00007ffb5fba0000 - 0x00007ffb5fbaa000 	C:\WINDOWS\System32\NSI.dll
0x00007ffb55e50000 - 0x00007ffb55e6d000 	C:\WINDOWS\SYSTEM32\dhcpcsvc6.DLL
0x00007ffb55e20000 - 0x00007ffb55e45000 	C:\WINDOWS\SYSTEM32\dhcpcsvc.DLL
0x00007ffb5c690000 - 0x00007ffb5c7da000 	C:\WINDOWS\SYSTEM32\DNSAPI.dll
0x00007ffb5cfd0000 - 0x00007ffb5cfdd000 	C:\WINDOWS\SYSTEM32\DSPARSE.dll
0x00007ffb49d00000 - 0x00007ffb49d0a000 	C:\Program Files\Java\jdk-17\bin\management.dll
0x00007ffb49c90000 - 0x00007ffb49c9b000 	C:\Program Files\Java\jdk-17\bin\management_ext.dll
0x00007ffb4d630000 - 0x00007ffb4d63b000 	C:\Windows\System32\rasadhlp.dll
0x00007ffb514d0000 - 0x00007ffb51556000 	C:\WINDOWS\System32\fwpuclnt.dll
0x00007ffb2c6c0000 - 0x00007ffb2c6c8000 	C:\WINDOWS\system32\wshunix.dll

dbghelp: loaded successfully - version: 4.0.5 - missing functions: none
symbol engine: initialized successfully - sym options: 0x614 - pdb path: .;C:\Program Files\Java\jdk-17\bin;C:\WINDOWS\SYSTEM32;C:\WINDOWS\WinSxS\amd64_microsoft.windows.common-controls_6595b64144ccf1df_6.0.26100.8521_none_3e08b75ce33403b3;C:\Program Files\Java\jdk-17\bin\server

VM Arguments:
jvm_args: -javaagent:C:\Program Files\JetBrains\IntelliJ IDEA Community Edition 2024.3.5\lib\idea_rt.jar=56180 -Dfile.encoding=UTF-8 
java_command: com.example.demo.DemoApplication
java_class_path (initial): D:\Doantotnghiep\Backend\web-wedding-backend\target\classes;C:\Users\tamn7\.m2\repository\org\springframework\boot\spring-boot-starter-data-jpa\3.3.4\spring-boot-starter-data-jpa-3.3.4.jar;C:\Users\tamn7\.m2\repository\org\springframework\boot\spring-boot-starter-aop\3.3.4\spring-boot-starter-aop-3.3.4.jar;C:\Users\tamn7\.m2\repository\org\aspectj\aspectjweaver\1.9.22.1\aspectjweaver-1.9.22.1.jar;C:\Users\tamn7\.m2\repository\org\springframework\boot\spring-boot-starter-jdbc\3.3.4\spring-boot-starter-jdbc-3.3.4.jar;C:\Users\tamn7\.m2\repository\com\zaxxer\HikariCP\5.1.0\HikariCP-5.1.0.jar;C:\Users\tamn7\.m2\repository\org\springframework\spring-jdbc\6.1.13\spring-jdbc-6.1.13.jar;C:\Users\tamn7\.m2\repository\org\hibernate\orm\hibernate-core\6.5.3.Final\hibernate-core-6.5.3.Final.jar;C:\Users\tamn7\.m2\repository\jakarta\persistence\jakarta.persistence-api\3.1.0\jakarta.persistence-api-3.1.0.jar;C:\Users\tamn7\.m2\repository\jakarta\transaction\jakarta.transaction-api\2.0.1\jakarta.transaction-api-2.0.1.jar;C:\Users\tamn7\.m2\repository\org\jboss\logging\jboss-logging\3.5.3.Final\jboss-logging-3.5.3.Final.jar;C:\Users\tamn7\.m2\repository\org\hibernate\common\hibernate-commons-annotations\6.0.6.Final\hibernate-commons-annotations-6.0.6.Final.jar;C:\Users\tamn7\.m2\repository\io\smallrye\jandex\3.1.2\jandex-3.1.2.jar;C:\Users\tamn7\.m2\repository\com\fasterxml\classmate\1.7.0\classmate-1.7.0.jar;C:\Users\tamn7\.m2\repository\net\bytebuddy\byte-buddy\1.14.19\byte-buddy-1.14.19.jar;C:\Users\tamn7\.m2\repository\org\glassfish\jaxb\jaxb-runtime\4.0.5\jaxb-runtime-4.0.5.jar;C:\Users\tamn7\.m2\repository\org\glassfish\jaxb\jaxb-core\4.0.5\jaxb-core-4.0.5.jar;C:\Users\tamn7\.m2\repository\org\glassfish\jaxb\txw2\4.0.5\txw2-4.0.5.jar;C:\Users\tamn7\.m2\repository\com\sun\istack\istack-commons-runtime\4.1.2\istack-commons-runtime-4.1.2.jar;C:\Users\tamn7\.m2\repository\jakarta\inject\jakarta.inject-api\2.0.1\jakarta.inject-api-2.0.1.jar;C:\Users\ta
Launcher Type: SUN_STANDARD

[Global flags]
     intx CICompilerCount                          = 4                                         {product} {ergonomic}
     uint ConcGCThreads                            = 2                                         {product} {ergonomic}
     uint G1ConcRefinementThreads                  = 8                                         {product} {ergonomic}
   size_t G1HeapRegionSize                         = 1048576                                   {product} {ergonomic}
    uintx GCDrainStackTargetSize                   = 64                                        {product} {ergonomic}
   size_t InitialHeapSize                          = 132120576                                 {product} {ergonomic}
   size_t MarkStackSize                            = 4194304                                   {product} {ergonomic}
   size_t MaxHeapSize                              = 2105540608                                {product} {ergonomic}
   size_t MaxNewSize                               = 1262485504                                {product} {ergonomic}
   size_t MinHeapDeltaBytes                        = 1048576                                   {product} {ergonomic}
   size_t MinHeapSize                              = 8388608                                   {product} {ergonomic}
    uintx NonNMethodCodeHeapSize                   = 5839372                                {pd product} {ergonomic}
    uintx NonProfiledCodeHeapSize                  = 122909434                              {pd product} {ergonomic}
    uintx ProfiledCodeHeapSize                     = 122909434                              {pd product} {ergonomic}
    uintx ReservedCodeCacheSize                    = 251658240                              {pd product} {ergonomic}
     bool SegmentedCodeCache                       = true                                      {product} {ergonomic}
   size_t SoftMaxHeapSize                          = 2105540608                             {manageable} {ergonomic}
     bool UseCompressedClassPointers               = true                           {product lp64_product} {ergonomic}
     bool UseCompressedOops                        = true                           {product lp64_product} {ergonomic}
     bool UseG1GC                                  = true                                      {product} {ergonomic}
     bool UseLargePagesIndividualAllocation        = false                                  {pd product} {ergonomic}

Logging:
Log output configuration:
 #0: stdout all=warning uptime,level,tags
 #1: stderr all=off uptime,level,tags

Environment Variables:
JAVA_HOME=C:\Program Files\Java\jdk-17
PATH=C:\Program Files\Java\jdk-17\bin;C:\WINDOWS\system32;C:\WINDOWS;C:\WINDOWS\System32\Wbem;C:\WINDOWS\System32\WindowsPowerShell\v1.0\;C:\WINDOWS\System32\OpenSSH\;C:\Program Files\NVIDIA Corporation\NVIDIA App\NvDLISR;C:\Program Files (x86)\NVIDIA Corporation\PhysX\Common;C:\Program Files\nodejs\;C:\Program Files\Git\cmd;C:\flutter\bin;C:\Program Files\Apache\Maven\apache-maven-3.9.9\bin;C:\Program Files\Docker\Docker\resources\bin;C:\Program Files (x86)\Microsoft SQL Server\160\Tools\Binn\;C:\Program Files\Microsoft SQL Server\160\Tools\Binn\;C:\Program Files\Microsoft SQL Server\Client SDK\ODBC\170\Tools\Binn\;C:\Program Files\Microsoft SQL Server\160\DTS\Binn\;C:\Program Files (x86)\Microsoft SQL Server\160\DTS\Binn\;C:\Program Files\Microsoft SQL Server\170\Tools\Binn\;C:\Program Files\Microsoft SQL Server\130\DTS\Binn\;C:\Program Files\Microsoft SQL Server\140\DTS\Binn\;C:\Program Files\Microsoft SQL Server\150\DTS\Binn\;C:\Program Files\Microsoft SQL Server\170\DTS\Binn\;C:\Program Files\dotnet\;C:\Users\tamn7\AppData\Local\Programs\Python\Python311\Scripts\;C:\Users\tamn7\AppData\Local\Programs\Python\Python311\;C:\Users\tamn7\AppData\Local\Microsoft\WindowsApps;C:\Users\tamn7\AppData\Local\Programs\Microsoft VS Code\bin;C:\Users\tamn7\AppData\Roaming\npm;C:\ffmpeg;C:\Users\tamn7\.dotnet\tools
USERNAME=tamn7
OS=Windows_NT
PROCESSOR_IDENTIFIER=Intel64 Family 6 Model 165 Stepping 2, GenuineIntel



---------------  S Y S T E M  ---------------

OS:
 Windows 11 , 64 bit Build 26100 (10.0.26100.8521)
OS uptime: 3 days 3:38 hours
Hyper-V role detected

CPU: total 8 (initial active 8) (4 cores per cpu, 2 threads per core) family 6 model 165 stepping 2 microcode 0xe0, cx8, cmov, fxsr, ht, mmx, 3dnowpref, sse, sse2, sse3, ssse3, sse4.1, sse4.2, popcnt, lzcnt, tsc, tscinvbit, avx, avx2, aes, erms, clmul, bmi1, bmi2, adx, fma, vzeroupper, clflush, clflushopt, hv

Memory: 4k page, system-wide physical 8029M (503M free)
TotalPageFile size 32605M (AvailPageFile size 4M)
current process WorkingSet (physical memory assigned to process): 67M, peak: 324M
current process commit charge ("private bytes"): 404M, peak: 425M

vm_info: Java HotSpot(TM) 64-Bit Server VM (17.0.12+8-LTS-286) for windows-amd64 JRE (17.0.12+8-LTS-286), built on Jun  5 2024 06:46:59 by "mach5one" with MS VC++ 17.6 (VS2022)

END.
