#
# There is insufficient memory for the Java Runtime Environment to continue.
# Native memory allocation (malloc) failed to allocate 1050336 bytes for Chunk::new
# Possible reasons:
#   The system is out of physical RAM or swap space
#   The process is running with CompressedOops enabled, and the Java Heap may be blocking the growth of the native heap
# Possible solutions:
#   Reduce memory load on the system
#   Increase physical memory or swap space
#   Check if swap backing store is full
#   Decrease Java heap size (-Xmx/-Xms)
#   Decrease number of Java threads
#   Decrease Java thread stack sizes (-Xss)
#   Set larger code cache with -XX:ReservedCodeCacheSize=
#   JVM is running with Unscaled Compressed Oops mode in which the Java heap is
#     placed in the first 4GB address space. The Java Heap base address is the
#     maximum limit for the native heap growth. Please use -XX:HeapBaseMinAddress
#     to set the Java Heap base and to place the Java Heap above 4GB virtual address.
# This output file may be truncated or incomplete.
#
#  Out of Memory Error (arena.cpp:189), pid=7900, tid=11792
#
# JRE version: Java(TM) SE Runtime Environment (17.0.12+8) (build 17.0.12+8-LTS-286)
# Java VM: Java HotSpot(TM) 64-Bit Server VM (17.0.12+8-LTS-286, mixed mode, sharing, tiered, compressed oops, compressed class ptrs, g1 gc, windows-amd64)
# No core dump will be written. Minidumps are not enabled by default on client versions of Windows
#

---------------  S U M M A R Y ------------

Command Line: -javaagent:C:\Program Files\JetBrains\IntelliJ IDEA Community Edition 2024.3.5\lib\idea_rt.jar=52720 -Dfile.encoding=UTF-8 com.example.demo.DemoApplication

Host: Intel(R) Core(TM) i5-10300H CPU @ 2.50GHz, 8 cores, 7G,  Windows 11 , 64 bit Build 26100 (10.0.26100.8521)
Time: Sun Jun 21 15:02:03 2026 SE Asia Standard Time elapsed time: 14.593462 seconds (0d 0h 0m 14s)

---------------  T H R E A D  ---------------

Current thread (0x00000206a4ac1140):  JavaThread "C2 CompilerThread0" daemon [_thread_in_native, id=11792, stack(0x0000005b10000000,0x0000005b10100000)]


Current CompileTask:
C2:  14593 7181 % !   4       org.springframework.util.ReflectionUtils::doWithMethods @ 31 (186 bytes)

Stack: [0x0000005b10000000,0x0000005b10100000]
Native frames: (J=compiled Java code, j=interpreted, Vv=VM code, C=native code)
V  [jvm.dll+0x67a04a]
V  [jvm.dll+0x7da4ed]
V  [jvm.dll+0x7dbe33]
V  [jvm.dll+0x7dc4a3]
V  [jvm.dll+0x24508f]
V  [jvm.dll+0xab773]
V  [jvm.dll+0xabd3c]
V  [jvm.dll+0x2aa52f]
V  [jvm.dll+0x581eb9]
V  [jvm.dll+0x21f422]
V  [jvm.dll+0x2184c2]
V  [jvm.dll+0x215b65]
V  [jvm.dll+0x1a2960]
V  [jvm.dll+0x22610b]
V  [jvm.dll+0x2242ab]
V  [jvm.dll+0x79075c]
V  [jvm.dll+0x78abea]
V  [jvm.dll+0x678f35]
C  [ucrtbase.dll+0x2cd30]
C  [KERNEL32.DLL+0x2e957]
C  [ntdll.dll+0x87c1c]


---------------  P R O C E S S  ---------------

Threads class SMR info:
_java_thread_list=0x00000206ef768f80, length=17, elements={
0x0000020684a51040, 0x00000206a4aa29f0, 0x00000206a4aa55c0, 0x00000206a4ab5b50,
0x00000206a4ab9530, 0x00000206a4ab9ef0, 0x00000206a4abccc0, 0x00000206a4ac1140,
0x00000206a4ac9a60, 0x00000206a4ade3b0, 0x00000206a4a8e470, 0x00000206ea318ed0,
0x00000206ea3193b0, 0x00000206ec496300, 0x00000206ec494ec0, 0x00000206ea6af770,
0x00000206ecfb9af0
}

Java Threads: ( => current thread )
  0x0000020684a51040 JavaThread "main" [_thread_in_vm, id=29188, stack(0x0000005b0f300000,0x0000005b0f400000)]
  0x00000206a4aa29f0 JavaThread "Reference Handler" daemon [_thread_blocked, id=18168, stack(0x0000005b0fa00000,0x0000005b0fb00000)]
  0x00000206a4aa55c0 JavaThread "Finalizer" daemon [_thread_blocked, id=19724, stack(0x0000005b0fb00000,0x0000005b0fc00000)]
  0x00000206a4ab5b50 JavaThread "Signal Dispatcher" daemon [_thread_blocked, id=20544, stack(0x0000005b0fc00000,0x0000005b0fd00000)]
  0x00000206a4ab9530 JavaThread "Attach Listener" daemon [_thread_blocked, id=8392, stack(0x0000005b0fd00000,0x0000005b0fe00000)]
  0x00000206a4ab9ef0 JavaThread "Service Thread" daemon [_thread_blocked, id=26068, stack(0x0000005b0fe00000,0x0000005b0ff00000)]
  0x00000206a4abccc0 JavaThread "Monitor Deflation Thread" daemon [_thread_blocked, id=28780, stack(0x0000005b0ff00000,0x0000005b10000000)]
=>0x00000206a4ac1140 JavaThread "C2 CompilerThread0" daemon [_thread_in_native, id=11792, stack(0x0000005b10000000,0x0000005b10100000)]
  0x00000206a4ac9a60 JavaThread "C1 CompilerThread0" daemon [_thread_blocked, id=12844, stack(0x0000005b10100000,0x0000005b10200000)]
  0x00000206a4ade3b0 JavaThread "Sweeper thread" daemon [_thread_blocked, id=21772, stack(0x0000005b10200000,0x0000005b10300000)]
  0x00000206a4a8e470 JavaThread "Common-Cleaner" daemon [_thread_blocked, id=20720, stack(0x0000005b10300000,0x0000005b10400000)]
  0x00000206ea318ed0 JavaThread "Monitor Ctrl-Break" daemon [_thread_in_native, id=27572, stack(0x0000005b10400000,0x0000005b10500000)]
  0x00000206ea3193b0 JavaThread "Notification Thread" daemon [_thread_blocked, id=4436, stack(0x0000005b10500000,0x0000005b10600000)]
  0x00000206ec496300 JavaThread "mysql-cj-abandoned-connection-cleanup" daemon [_thread_blocked, id=13380, stack(0x0000005b11100000,0x0000005b11200000)]
  0x00000206ec494ec0 JavaThread "HikariPool-1 housekeeper" daemon [_thread_blocked, id=22532, stack(0x0000005b11300000,0x0000005b11400000)]
  0x00000206ea6af770 JavaThread "C2 CompilerThread1" daemon [_thread_in_native, id=14400, stack(0x0000005b10700000,0x0000005b10800000)]
  0x00000206ecfb9af0 JavaThread "C2 CompilerThread2" daemon [_thread_in_native, id=24928, stack(0x0000005b11000000,0x0000005b11100000)]

Other Threads:
  0x00000206a4a9ef50 VMThread "VM Thread" [stack: 0x0000005b0f900000,0x0000005b0fa00000] [id=23104]
  0x0000020684ae8fe0 WatcherThread [stack: 0x0000005b10600000,0x0000005b10700000] [id=22844]
  0x0000020684aadaa0 GCTaskThread "GC Thread#0" [stack: 0x0000005b0f400000,0x0000005b0f500000] [id=25504]
  0x00000206eaf44860 GCTaskThread "GC Thread#1" [stack: 0x0000005b10800000,0x0000005b10900000] [id=10508]
  0x00000206eb4ccd80 GCTaskThread "GC Thread#2" [stack: 0x0000005b10900000,0x0000005b10a00000] [id=9920]
  0x00000206eb0815e0 GCTaskThread "GC Thread#3" [stack: 0x0000005b10a00000,0x0000005b10b00000] [id=27184]
  0x00000206eacf5490 GCTaskThread "GC Thread#4" [stack: 0x0000005b10b00000,0x0000005b10c00000] [id=29620]
  0x00000206eb2af490 GCTaskThread "GC Thread#5" [stack: 0x0000005b10d00000,0x0000005b10e00000] [id=27232]
  0x00000206eb201700 GCTaskThread "GC Thread#6" [stack: 0x0000005b10e00000,0x0000005b10f00000] [id=27432]
  0x00000206eb156d50 GCTaskThread "GC Thread#7" [stack: 0x0000005b10f00000,0x0000005b11000000] [id=18100]
  0x0000020684ac01d0 ConcurrentGCThread "G1 Main Marker" [stack: 0x0000005b0f500000,0x0000005b0f600000] [id=22452]
  0x0000020684ac4250 ConcurrentGCThread "G1 Conc#0" [stack: 0x0000005b0f600000,0x0000005b0f700000] [id=25828]
  0x00000206ec3dfa20 ConcurrentGCThread "G1 Conc#1" [stack: 0x0000005b10c00000,0x0000005b10d00000] [id=12932]
  0x0000020684b0e010 ConcurrentGCThread "G1 Refine#0" [stack: 0x0000005b0f700000,0x0000005b0f800000] [id=13568]
  0x0000020684b0e8e0 ConcurrentGCThread "G1 Service" [stack: 0x0000005b0f800000,0x0000005b0f900000] [id=10356]

Threads with active compile tasks:
C2 CompilerThread0    17629 7181 % !   4       org.springframework.util.ReflectionUtils::doWithMethods @ 31 (186 bytes)
C2 CompilerThread1    17629 7210       4       java.lang.Class::getMethodsRecursive (99 bytes)
C2 CompilerThread2    17629 7203       4       org.springframework.core.annotation.TypeMappedAnnotations$MergedAnnotationFinder::doWithAnnotations (75 bytes)

VM state: not at safepoint (normal execution)

VM Mutex/Monitor currently owned by a thread:  ([mutex/lock_event])
[0x00000206848c4ac0] Metaspace_lock - owner thread: 0x0000020684a51040

Heap address: 0x0000000082800000, size: 2008 MB, Compressed Oops mode: 32-bit

CDS archive(s) mapped at: [0x00000206a5000000-0x00000206a5bd0000-0x00000206a5bd0000), size 12386304, SharedBaseAddress: 0x00000206a5000000, ArchiveRelocationMode: 1.
Compressed class space mapped at: 0x00000206a6000000-0x00000206e6000000, reserved size: 1073741824
Narrow klass base: 0x00000206a5000000, Narrow klass shift: 0, Narrow klass range: 0x100000000

GC Precious Log:
 CPUs: 8 total, 8 available
 Memory: 8029M
 Large Page Support: Disabled
 NUMA Support: Disabled
 Compressed Oops: Enabled (32-bit)
 Heap Region Size: 1M
 Heap Min Capacity: 8M
 Heap Initial Capacity: 126M
 Heap Max Capacity: 2008M
 Pre-touch: Disabled
 Parallel Workers: 8
 Concurrent Workers: 2
 Concurrent Refinement Workers: 8
 Periodic GC: Disabled

Heap:
 garbage-first heap   total 73728K, used 52394K [0x0000000082800000, 0x0000000100000000)
  region size 1024K, 25 young (25600K), 1 survivors (1024K)
 Metaspace       used 64247K, committed 64768K, reserved 1114112K
  class space    used 8663K, committed 8960K, reserved 1048576K

Heap Regions: E=young(eden), S=young(survivor), O=old, HS=humongous(starts), HC=humongous(continues), CS=collection set, F=free, OA=open archive, CA=closed archive, TAMS=top-at-mark-start (previous, next)
|   0|0x0000000082800000, 0x0000000082900000, 0x0000000082900000|100%|HS|  |TAMS 0x0000000082900000, 0x0000000082800000| Complete 
|   1|0x0000000082900000, 0x0000000082a00000, 0x0000000082a00000|100%| O|  |TAMS 0x0000000082a00000, 0x0000000082900000| Untracked 
|   2|0x0000000082a00000, 0x0000000082b00000, 0x0000000082b00000|100%| O|  |TAMS 0x0000000082b00000, 0x0000000082a00000| Untracked 
|   3|0x0000000082b00000, 0x0000000082c00000, 0x0000000082c00000|100%| O|  |TAMS 0x0000000082c00000, 0x0000000082b00000| Untracked 
|   4|0x0000000082c00000, 0x0000000082d00000, 0x0000000082d00000|100%| O|  |TAMS 0x0000000082d00000, 0x0000000082c00000| Untracked 
|   5|0x0000000082d00000, 0x0000000082e00000, 0x0000000082e00000|100%| O|  |TAMS 0x0000000082e00000, 0x0000000082d00000| Untracked 
|   6|0x0000000082e00000, 0x0000000082f00000, 0x0000000082f00000|100%| O|  |TAMS 0x0000000082f00000, 0x0000000082e00000| Untracked 
|   7|0x0000000082f00000, 0x0000000083000000, 0x0000000083000000|100%| O|  |TAMS 0x0000000083000000, 0x0000000082f00000| Untracked 
|   8|0x0000000083000000, 0x0000000083033a00, 0x0000000083100000| 20%| O|  |TAMS 0x0000000083033a00, 0x0000000083000000| Untracked 
|   9|0x0000000083100000, 0x0000000083200000, 0x0000000083200000|100%| O|  |TAMS 0x0000000083200000, 0x0000000083100000| Untracked 
|  10|0x0000000083200000, 0x0000000083300000, 0x0000000083300000|100%| O|  |TAMS 0x0000000083300000, 0x0000000083200000| Untracked 
|  11|0x0000000083300000, 0x0000000083400000, 0x0000000083400000|100%| O|  |TAMS 0x0000000083400000, 0x0000000083300000| Untracked 
|  12|0x0000000083400000, 0x0000000083500000, 0x0000000083500000|100%| O|  |TAMS 0x0000000083500000, 0x0000000083400000| Untracked 
|  13|0x0000000083500000, 0x0000000083600000, 0x0000000083600000|100%| O|  |TAMS 0x0000000083600000, 0x0000000083500000| Untracked 
|  14|0x0000000083600000, 0x0000000083700000, 0x0000000083700000|100%| O|  |TAMS 0x0000000083700000, 0x0000000083600000| Untracked 
|  15|0x0000000083700000, 0x0000000083800000, 0x0000000083800000|100%| O|  |TAMS 0x0000000083800000, 0x0000000083700000| Untracked 
|  16|0x0000000083800000, 0x0000000083900000, 0x0000000083900000|100%| O|  |TAMS 0x0000000083900000, 0x0000000083800000| Untracked 
|  17|0x0000000083900000, 0x0000000083a00000, 0x0000000083a00000|100%| O|  |TAMS 0x0000000083a00000, 0x0000000083900000| Untracked 
|  18|0x0000000083a00000, 0x0000000083b00000, 0x0000000083b00000|100%| O|  |TAMS 0x0000000083b00000, 0x0000000083a00000| Untracked 
|  19|0x0000000083b00000, 0x0000000083c00000, 0x0000000083c00000|100%| O|  |TAMS 0x0000000083c00000, 0x0000000083b00000| Untracked 
|  20|0x0000000083c00000, 0x0000000083d00000, 0x0000000083d00000|100%| O|  |TAMS 0x0000000083d00000, 0x0000000083c00000| Untracked 
|  21|0x0000000083d00000, 0x0000000083e00000, 0x0000000083e00000|100%| O|  |TAMS 0x0000000083e00000, 0x0000000083d00000| Untracked 
|  22|0x0000000083e00000, 0x0000000083f00000, 0x0000000083f00000|100%| O|  |TAMS 0x0000000083f00000, 0x0000000083e00000| Untracked 
|  23|0x0000000083f00000, 0x0000000084000000, 0x0000000084000000|100%| O|  |TAMS 0x0000000084000000, 0x0000000083f00000| Untracked 
|  24|0x0000000084000000, 0x0000000084100000, 0x0000000084100000|100%| O|  |TAMS 0x0000000084100000, 0x0000000084000000| Untracked 
|  25|0x0000000084100000, 0x0000000084200000, 0x0000000084200000|100%| O|  |TAMS 0x0000000084200000, 0x0000000084100000| Untracked 
|  26|0x0000000084200000, 0x0000000084300000, 0x0000000084300000|100%| O|  |TAMS 0x0000000084263600, 0x0000000084200000| Untracked 
|  27|0x0000000084300000, 0x0000000084400000, 0x0000000084400000|100%| O|  |TAMS 0x0000000084300000, 0x0000000084300000| Untracked 
|  28|0x0000000084400000, 0x0000000084430e00, 0x0000000084500000| 19%| O|  |TAMS 0x0000000084400000, 0x0000000084400000| Untracked 
|  29|0x0000000084500000, 0x0000000084500000, 0x0000000084600000|  0%| F|  |TAMS 0x0000000084500000, 0x0000000084500000| Untracked 
|  30|0x0000000084600000, 0x0000000084600000, 0x0000000084700000|  0%| F|  |TAMS 0x0000000084600000, 0x0000000084600000| Untracked 
|  31|0x0000000084700000, 0x0000000084700000, 0x0000000084800000|  0%| F|  |TAMS 0x0000000084700000, 0x0000000084700000| Untracked 
|  32|0x0000000084800000, 0x0000000084800000, 0x0000000084900000|  0%| F|  |TAMS 0x0000000084800000, 0x0000000084800000| Untracked 
|  33|0x0000000084900000, 0x0000000084900000, 0x0000000084a00000|  0%| F|  |TAMS 0x0000000084900000, 0x0000000084900000| Untracked 
|  34|0x0000000084a00000, 0x0000000084a00000, 0x0000000084b00000|  0%| F|  |TAMS 0x0000000084a00000, 0x0000000084a00000| Untracked 
|  35|0x0000000084b00000, 0x0000000084b00000, 0x0000000084c00000|  0%| F|  |TAMS 0x0000000084b00000, 0x0000000084b00000| Untracked 
|  36|0x0000000084c00000, 0x0000000084c00000, 0x0000000084d00000|  0%| F|  |TAMS 0x0000000084c00000, 0x0000000084c00000| Untracked 
|  37|0x0000000084d00000, 0x0000000084d00000, 0x0000000084e00000|  0%| F|  |TAMS 0x0000000084d00000, 0x0000000084d00000| Untracked 
|  38|0x0000000084e00000, 0x0000000084e00000, 0x0000000084f00000|  0%| F|  |TAMS 0x0000000084e00000, 0x0000000084e00000| Untracked 
|  39|0x0000000084f00000, 0x0000000084f00000, 0x0000000085000000|  0%| F|  |TAMS 0x0000000084f00000, 0x0000000084f00000| Untracked 
|  40|0x0000000085000000, 0x0000000085000000, 0x0000000085100000|  0%| F|  |TAMS 0x0000000085000000, 0x0000000085000000| Untracked 
|  41|0x0000000085100000, 0x0000000085100000, 0x0000000085200000|  0%| F|  |TAMS 0x0000000085100000, 0x0000000085100000| Untracked 
|  42|0x0000000085200000, 0x0000000085200000, 0x0000000085300000|  0%| F|  |TAMS 0x0000000085200000, 0x0000000085200000| Untracked 
|  43|0x0000000085300000, 0x0000000085300000, 0x0000000085400000|  0%| F|  |TAMS 0x0000000085300000, 0x0000000085300000| Untracked 
|  44|0x0000000085400000, 0x0000000085400000, 0x0000000085500000|  0%| F|  |TAMS 0x0000000085400000, 0x0000000085400000| Untracked 
|  45|0x0000000085500000, 0x0000000085500000, 0x0000000085600000|  0%| F|  |TAMS 0x0000000085500000, 0x0000000085500000| Untracked 
|  46|0x0000000085600000, 0x0000000085600000, 0x0000000085700000|  0%| F|  |TAMS 0x0000000085600000, 0x0000000085600000| Untracked 
|  47|0x0000000085700000, 0x00000000857cb388, 0x0000000085800000| 79%| E|  |TAMS 0x0000000085700000, 0x0000000085700000| Complete 
|  48|0x0000000085800000, 0x0000000085900000, 0x0000000085900000|100%| E|CS|TAMS 0x0000000085800000, 0x0000000085800000| Complete 
|  49|0x0000000085900000, 0x0000000085a00000, 0x0000000085a00000|100%| E|CS|TAMS 0x0000000085900000, 0x0000000085900000| Complete 
|  50|0x0000000085a00000, 0x0000000085b00000, 0x0000000085b00000|100%| E|CS|TAMS 0x0000000085a00000, 0x0000000085a00000| Complete 
|  51|0x0000000085b00000, 0x0000000085c00000, 0x0000000085c00000|100%| E|CS|TAMS 0x0000000085b00000, 0x0000000085b00000| Complete 
|  52|0x0000000085c00000, 0x0000000085d00000, 0x0000000085d00000|100%| E|CS|TAMS 0x0000000085c00000, 0x0000000085c00000| Complete 
|  53|0x0000000085d00000, 0x0000000085e00000, 0x0000000085e00000|100%| E|CS|TAMS 0x0000000085d00000, 0x0000000085d00000| Complete 
|  54|0x0000000085e00000, 0x0000000085f00000, 0x0000000085f00000|100%| E|CS|TAMS 0x0000000085e00000, 0x0000000085e00000| Complete 
|  55|0x0000000085f00000, 0x0000000086000000, 0x0000000086000000|100%| E|CS|TAMS 0x0000000085f00000, 0x0000000085f00000| Complete 
|  56|0x0000000086000000, 0x0000000086100000, 0x0000000086100000|100%| E|CS|TAMS 0x0000000086000000, 0x0000000086000000| Complete 
|  57|0x0000000086100000, 0x0000000086200000, 0x0000000086200000|100%| E|CS|TAMS 0x0000000086100000, 0x0000000086100000| Complete 
|  58|0x0000000086200000, 0x0000000086300000, 0x0000000086300000|100%| E|CS|TAMS 0x0000000086200000, 0x0000000086200000| Complete 
|  59|0x0000000086300000, 0x0000000086400000, 0x0000000086400000|100%| E|CS|TAMS 0x0000000086300000, 0x0000000086300000| Complete 
|  60|0x0000000086400000, 0x0000000086500000, 0x0000000086500000|100%| E|CS|TAMS 0x0000000086400000, 0x0000000086400000| Complete 
|  61|0x0000000086500000, 0x0000000086600000, 0x0000000086600000|100%| E|CS|TAMS 0x0000000086500000, 0x0000000086500000| Complete 
|  62|0x0000000086600000, 0x0000000086700000, 0x0000000086700000|100%| E|CS|TAMS 0x0000000086600000, 0x0000000086600000| Complete 
|  63|0x0000000086700000, 0x0000000086800000, 0x0000000086800000|100%| E|CS|TAMS 0x0000000086700000, 0x0000000086700000| Complete 
|  64|0x0000000086800000, 0x0000000086900000, 0x0000000086900000|100%| E|CS|TAMS 0x0000000086800000, 0x0000000086800000| Complete 
|  65|0x0000000086900000, 0x0000000086a00000, 0x0000000086a00000|100%| E|CS|TAMS 0x0000000086900000, 0x0000000086900000| Complete 
|  66|0x0000000086a00000, 0x0000000086b00000, 0x0000000086b00000|100%| E|CS|TAMS 0x0000000086a00000, 0x0000000086a00000| Complete 
|  67|0x0000000086b00000, 0x0000000086c00000, 0x0000000086c00000|100%| E|CS|TAMS 0x0000000086b00000, 0x0000000086b00000| Complete 
|  68|0x0000000086c00000, 0x0000000086d00000, 0x0000000086d00000|100%| E|CS|TAMS 0x0000000086c00000, 0x0000000086c00000| Complete 
|  69|0x0000000086d00000, 0x0000000086dc6360, 0x0000000086e00000| 77%| S|CS|TAMS 0x0000000086d00000, 0x0000000086d00000| Complete 
|  70|0x0000000086e00000, 0x0000000086f00000, 0x0000000086f00000|100%| E|CS|TAMS 0x0000000086e00000, 0x0000000086e00000| Complete 
| 125|0x000000008a500000, 0x000000008a600000, 0x000000008a600000|100%| E|CS|TAMS 0x000000008a500000, 0x000000008a500000| Complete 

Card table byte_map: [0x000002069d950000,0x000002069dd40000] _byte_map_base: 0x000002069d53c000

Marking Bits (Prev, Next): (CMBitMap*) 0x0000020684aae100, (CMBitMap*) 0x0000020684aae0c0
 Prev Bits: [0x00000206a0090000, 0x00000206a1ff0000)
 Next Bits: [0x000002069e130000, 0x00000206a0090000)

Polling page: 0x0000020684b10000

Metaspace:

Usage:
  Non-class:     54.28 MB used.
      Class:      8.46 MB used.
       Both:     62.74 MB used.

Virtual space:
  Non-class space:       64.00 MB reserved,      54.50 MB ( 85%) committed,  1 nodes.
      Class space:        1.00 GB reserved,       8.75 MB ( <1%) committed,  1 nodes.
             Both:        1.06 GB reserved,      63.25 MB (  6%) committed. 

Chunk freelists:
   Non-Class:  9.11 MB
       Class:  7.23 MB
        Both:  16.34 MB

MaxMetaspaceSize: unlimited
CompressedClassSpaceSize: 1.00 GB
Initial GC threshold: 21.00 MB
Current GC threshold: 98.38 MB
CDS: on
MetaspaceReclaimPolicy: balanced
 - commit_granule_bytes: 65536.
 - commit_granule_words: 8192.
 - virtual_space_node_default_size: 8388608.
 - enlarge_chunks_in_place: 1.
 - new_chunks_are_fully_committed: 0.
 - uncommit_free_chunks: 1.
 - use_allocation_guard: 0.
 - handle_deallocations: 1.


Internal statistics:

num_allocs_failed_limit: 9.
num_arena_births: 756.
num_arena_deaths: 0.
num_vsnodes_births: 2.
num_vsnodes_deaths: 0.
num_space_committed: 1012.
num_space_uncommitted: 0.
num_chunks_returned_to_freelist: 9.
num_chunks_taken_from_freelist: 3032.
num_chunk_merges: 9.
num_chunk_splits: 2173.
num_chunks_enlarged: 1683.
num_inconsistent_stats: 0.

CodeHeap 'non-profiled nmethods': size=120000Kb used=4311Kb max_used=4311Kb free=115688Kb
 bounds [0x00000206955d0000, 0x0000020695a10000, 0x000002069cb00000]
CodeHeap 'profiled nmethods': size=120000Kb used=11931Kb max_used=11931Kb free=108068Kb
 bounds [0x000002068db00000, 0x000002068e6b0000, 0x0000020695030000]
CodeHeap 'non-nmethods': size=5760Kb used=1359Kb max_used=1433Kb free=4400Kb
 bounds [0x0000020695030000, 0x00000206952a0000, 0x00000206955d0000]
 total_blobs=7040 nmethods=6354 adapters=597
 compilation: enabled
              stopped_count=0, restarted_count=0
 full_count=0

Compilation events (20 events):
Event: 11.554 Thread 0x00000206a4ac9a60 7217       3       org.springframework.core.convert.support.GenericConversionService$Converters$$Lambda$89/0x00000206a609a380::apply (8 bytes)
Event: 11.554 Thread 0x00000206a4ac9a60 nmethod 7217 0x000002068e6a0590 code [0x000002068e6a0780, 0x000002068e6a0eb8]
Event: 11.554 Thread 0x00000206a4ac9a60 7218       3       org.springframework.core.convert.support.GenericConversionService$Converters::lambda$getMatchableConverters$0 (8 bytes)
Event: 11.554 Thread 0x00000206a4ac9a60 nmethod 7218 0x000002068e6a1110 code [0x000002068e6a12e0, 0x000002068e6a1898]
Event: 11.554 Thread 0x00000206a4ac9a60 7219       3       org.springframework.core.convert.support.GenericConversionService$ConvertersForPair::<init> (16 bytes)
Event: 11.554 Thread 0x00000206a4ac9a60 nmethod 7219 0x000002068e6a1a90 code [0x000002068e6a1c60, 0x000002068e6a2178]
Event: 11.554 Thread 0x00000206a4ac9a60 7220       3       java.util.concurrent.ConcurrentLinkedDeque::<init> (21 bytes)
Event: 11.555 Thread 0x00000206a4ac9a60 nmethod 7220 0x000002068e6a2310 code [0x000002068e6a24c0, 0x000002068e6a2878]
Event: 11.555 Thread 0x00000206a4ac9a60 7221       3       java.util.concurrent.ConcurrentLinkedDeque::addFirst (6 bytes)
Event: 11.555 Thread 0x00000206a4ac9a60 nmethod 7221 0x000002068e6a2990 code [0x000002068e6a2b20, 0x000002068e6a2c68]
Event: 11.555 Thread 0x00000206a4ac9a60 7222       3       java.util.concurrent.ConcurrentLinkedDeque::linkFirst (114 bytes)
Event: 11.558 Thread 0x00000206a4ac9a60 nmethod 7222 0x000002068e6a2d10 code [0x000002068e6a3220, 0x000002068e6a5b48]
Event: 11.558 Thread 0x00000206a4ac9a60 7223       3       java.util.concurrent.ConcurrentLinkedDeque::newNode (18 bytes)
Event: 11.558 Thread 0x00000206a4ac9a60 nmethod 7223 0x000002068e6a6890 code [0x000002068e6a6ae0, 0x000002068e6a7478]
Event: 11.567 Thread 0x00000206ea6af770 nmethod 7188 0x00000206959ffd90 code [0x0000020695a001e0, 0x0000020695a034d8]
Event: 11.567 Thread 0x00000206ea6af770 7210       4       java.lang.Class::getMethodsRecursive (99 bytes)
Event: 11.572 Thread 0x00000206a4ac9a60 7225       3       org.springframework.core.convert.support.GenericConversionService$ConverterAdapter::<init> (41 bytes)
Event: 11.573 Thread 0x00000206a4ac9a60 nmethod 7225 0x000002068e6a7810 code [0x000002068e6a7a40, 0x000002068e6a8638]
Event: 11.573 Thread 0x00000206a4ac9a60 7226       3       org.springframework.core.convert.support.GenericConversionService$ConverterAdapter::getConvertibleTypes (8 bytes)
Event: 11.573 Thread 0x00000206a4ac9a60 nmethod 7226 0x000002068e6a8a10 code [0x000002068e6a8be0, 0x000002068e6a8f78]

GC Heap History (20 events):
Event: 3.174 GC heap before
{Heap before GC invocations=2 (full 0):
 garbage-first heap   total 129024K, used 72188K [0x0000000082800000, 0x0000000100000000)
  region size 1024K, 65 young (66560K), 3 survivors (3072K)
 Metaspace       used 21286K, committed 21504K, reserved 1114112K
  class space    used 2568K, committed 2688K, reserved 1048576K
}
Event: 3.186 GC heap after
{Heap after GC invocations=3 (full 0):
 garbage-first heap   total 129024K, used 16085K [0x0000000082800000, 0x0000000100000000)
  region size 1024K, 8 young (8192K), 8 survivors (8192K)
 Metaspace       used 21286K, committed 21504K, reserved 1114112K
  class space    used 2568K, committed 2688K, reserved 1048576K
}
Event: 4.112 GC heap before
{Heap before GC invocations=4 (full 0):
 garbage-first heap   total 61440K, used 44757K [0x0000000082800000, 0x0000000100000000)
  region size 1024K, 36 young (36864K), 8 survivors (8192K)
 Metaspace       used 25505K, committed 25856K, reserved 1114112K
  class space    used 3245K, committed 3392K, reserved 1048576K
}
Event: 4.129 GC heap after
{Heap after GC invocations=5 (full 0):
 garbage-first heap   total 61440K, used 18039K [0x0000000082800000, 0x0000000100000000)
  region size 1024K, 3 young (3072K), 3 survivors (3072K)
 Metaspace       used 25505K, committed 25856K, reserved 1114112K
  class space    used 3245K, committed 3392K, reserved 1048576K
}
Event: 5.055 GC heap before
{Heap before GC invocations=5 (full 0):
 garbage-first heap   total 61440K, used 40567K [0x0000000082800000, 0x0000000100000000)
  region size 1024K, 26 young (26624K), 3 survivors (3072K)
 Metaspace       used 29202K, committed 29632K, reserved 1114112K
  class space    used 3783K, committed 3968K, reserved 1048576K
}
Event: 5.063 GC heap after
{Heap after GC invocations=6 (full 0):
 garbage-first heap   total 61440K, used 19576K [0x0000000082800000, 0x0000000100000000)
  region size 1024K, 4 young (4096K), 4 survivors (4096K)
 Metaspace       used 29202K, committed 29632K, reserved 1114112K
  class space    used 3783K, committed 3968K, reserved 1048576K
}
Event: 5.934 GC heap before
{Heap before GC invocations=6 (full 0):
 garbage-first heap   total 61440K, used 43128K [0x0000000082800000, 0x0000000100000000)
  region size 1024K, 27 young (27648K), 4 survivors (4096K)
 Metaspace       used 32965K, committed 33344K, reserved 1114112K
  class space    used 4275K, committed 4480K, reserved 1048576K
}
Event: 5.944 GC heap after
{Heap after GC invocations=7 (full 0):
 garbage-first heap   total 61440K, used 21500K [0x0000000082800000, 0x0000000100000000)
  region size 1024K, 4 young (4096K), 4 survivors (4096K)
 Metaspace       used 32965K, committed 33344K, reserved 1114112K
  class space    used 4275K, committed 4480K, reserved 1048576K
}
Event: 6.403 GC heap before
{Heap before GC invocations=7 (full 0):
 garbage-first heap   total 61440K, used 33788K [0x0000000082800000, 0x0000000100000000)
  region size 1024K, 18 young (18432K), 4 survivors (4096K)
 Metaspace       used 35525K, committed 35968K, reserved 1114112K
  class space    used 4632K, committed 4864K, reserved 1048576K
}
Event: 6.415 GC heap after
{Heap after GC invocations=8 (full 0):
 garbage-first heap   total 61440K, used 22392K [0x0000000082800000, 0x0000000100000000)
  region size 1024K, 3 young (3072K), 3 survivors (3072K)
 Metaspace       used 35525K, committed 35968K, reserved 1114112K
  class space    used 4632K, committed 4864K, reserved 1048576K
}
Event: 7.088 GC heap before
{Heap before GC invocations=9 (full 0):
 garbage-first heap   total 61440K, used 45944K [0x0000000082800000, 0x0000000100000000)
  region size 1024K, 26 young (26624K), 3 survivors (3072K)
 Metaspace       used 41450K, committed 41856K, reserved 1114112K
  class space    used 5527K, committed 5696K, reserved 1048576K
}
Event: 7.097 GC heap after
{Heap after GC invocations=10 (full 0):
 garbage-first heap   total 61440K, used 23812K [0x0000000082800000, 0x0000000100000000)
  region size 1024K, 3 young (3072K), 3 survivors (3072K)
 Metaspace       used 41450K, committed 41856K, reserved 1114112K
  class space    used 5527K, committed 5696K, reserved 1048576K
}
Event: 8.041 GC heap before
{Heap before GC invocations=10 (full 0):
 garbage-first heap   total 61440K, used 46340K [0x0000000082800000, 0x0000000100000000)
  region size 1024K, 25 young (25600K), 3 survivors (3072K)
 Metaspace       used 50182K, committed 50624K, reserved 1114112K
  class space    used 6633K, committed 6848K, reserved 1048576K
}
Event: 8.050 GC heap after
{Heap after GC invocations=11 (full 0):
 garbage-first heap   total 73728K, used 26222K [0x0000000082800000, 0x0000000100000000)
  region size 1024K, 4 young (4096K), 4 survivors (4096K)
 Metaspace       used 50182K, committed 50624K, reserved 1114112K
  class space    used 6633K, committed 6848K, reserved 1048576K
}
Event: 8.752 GC heap before
{Heap before GC invocations=11 (full 0):
 garbage-first heap   total 73728K, used 54894K [0x0000000082800000, 0x0000000100000000)
  region size 1024K, 33 young (33792K), 4 survivors (4096K)
 Metaspace       used 57617K, committed 58112K, reserved 1114112K
  class space    used 7747K, committed 8000K, reserved 1048576K
}
Event: 8.763 GC heap after
{Heap after GC invocations=12 (full 0):
 garbage-first heap   total 73728K, used 28289K [0x0000000082800000, 0x0000000100000000)
  region size 1024K, 5 young (5120K), 5 survivors (5120K)
 Metaspace       used 57617K, committed 58112K, reserved 1114112K
  class space    used 7747K, committed 8000K, reserved 1048576K
}
Event: 9.173 GC heap before
{Heap before GC invocations=12 (full 0):
 garbage-first heap   total 73728K, used 55937K [0x0000000082800000, 0x0000000100000000)
  region size 1024K, 32 young (32768K), 5 survivors (5120K)
 Metaspace       used 59493K, committed 60032K, reserved 1114112K
  class space    used 7983K, committed 8256K, reserved 1048576K
}
Event: 9.180 GC heap after
{Heap after GC invocations=13 (full 0):
 garbage-first heap   total 73728K, used 28634K [0x0000000082800000, 0x0000000100000000)
  region size 1024K, 3 young (3072K), 3 survivors (3072K)
 Metaspace       used 59493K, committed 60032K, reserved 1114112K
  class space    used 7983K, committed 8256K, reserved 1048576K
}
Event: 9.202 GC heap before
{Heap before GC invocations=13 (full 0):
 garbage-first heap   total 73728K, used 29658K [0x0000000082800000, 0x0000000100000000)
  region size 1024K, 5 young (5120K), 3 survivors (3072K)
 Metaspace       used 59704K, committed 60160K, reserved 1114112K
  class space    used 8017K, committed 8256K, reserved 1048576K
}
Event: 9.207 GC heap after
{Heap after GC invocations=14 (full 0):
 garbage-first heap   total 73728K, used 28842K [0x0000000082800000, 0x0000000100000000)
  region size 1024K, 1 young (1024K), 1 survivors (1024K)
 Metaspace       used 59704K, committed 60160K, reserved 1114112K
  class space    used 8017K, committed 8256K, reserved 1048576K
}

Deoptimization events (20 events):
Event: 11.487 Thread 0x0000020684a51040 Uncommon trap: trap_request=0xffffffde fr.pc=0x00000206958926b0 relative=0x00000000000002f0
Event: 11.487 Thread 0x0000020684a51040 Uncommon trap: reason=class_check action=maybe_recompile pc=0x00000206958926b0 method=java.util.concurrent.ConcurrentHashMap.get(Ljava/lang/Object;)Ljava/lang/Object; @ 93 c2
Event: 11.487 Thread 0x0000020684a51040 DEOPT PACKING pc=0x00000206958926b0 sp=0x0000005b0f3fba70
Event: 11.487 Thread 0x0000020684a51040 DEOPT UNPACKING pc=0x00000206950823a3 sp=0x0000005b0f3fb9d8 mode 2
Event: 11.488 Thread 0x0000020684a51040 Uncommon trap: trap_request=0xffffffde fr.pc=0x00000206958926b0 relative=0x00000000000002f0
Event: 11.488 Thread 0x0000020684a51040 Uncommon trap: reason=class_check action=maybe_recompile pc=0x00000206958926b0 method=java.util.concurrent.ConcurrentHashMap.get(Ljava/lang/Object;)Ljava/lang/Object; @ 93 c2
Event: 11.488 Thread 0x0000020684a51040 DEOPT PACKING pc=0x00000206958926b0 sp=0x0000005b0f3fba70
Event: 11.488 Thread 0x0000020684a51040 DEOPT UNPACKING pc=0x00000206950823a3 sp=0x0000005b0f3fb9d8 mode 2
Event: 11.488 Thread 0x0000020684a51040 Uncommon trap: trap_request=0xffffffde fr.pc=0x00000206958926b0 relative=0x00000000000002f0
Event: 11.488 Thread 0x0000020684a51040 Uncommon trap: reason=class_check action=maybe_recompile pc=0x00000206958926b0 method=java.util.concurrent.ConcurrentHashMap.get(Ljava/lang/Object;)Ljava/lang/Object; @ 93 c2
Event: 11.488 Thread 0x0000020684a51040 DEOPT PACKING pc=0x00000206958926b0 sp=0x0000005b0f3fba70
Event: 11.488 Thread 0x0000020684a51040 DEOPT UNPACKING pc=0x00000206950823a3 sp=0x0000005b0f3fb9d8 mode 2
Event: 11.488 Thread 0x0000020684a51040 Uncommon trap: trap_request=0xffffffde fr.pc=0x00000206958926b0 relative=0x00000000000002f0
Event: 11.488 Thread 0x0000020684a51040 Uncommon trap: reason=class_check action=maybe_recompile pc=0x00000206958926b0 method=java.util.concurrent.ConcurrentHashMap.get(Ljava/lang/Object;)Ljava/lang/Object; @ 93 c2
Event: 11.488 Thread 0x0000020684a51040 DEOPT PACKING pc=0x00000206958926b0 sp=0x0000005b0f3fba70
Event: 11.488 Thread 0x0000020684a51040 DEOPT UNPACKING pc=0x00000206950823a3 sp=0x0000005b0f3fb9d8 mode 2
Event: 11.494 Thread 0x0000020684a51040 Uncommon trap: trap_request=0xfffffff4 fr.pc=0x00000206958982a0 relative=0x0000000000004c40
Event: 11.494 Thread 0x0000020684a51040 Uncommon trap: reason=null_check action=make_not_entrant pc=0x00000206958982a0 method=java.lang.Class.getMethodsRecursive(Ljava/lang/String;[Ljava/lang/Class;Z)Ljava/lang/PublicMethods$MethodList; @ 26 c2
Event: 11.494 Thread 0x0000020684a51040 DEOPT PACKING pc=0x00000206958982a0 sp=0x0000005b0f3fbef0
Event: 11.494 Thread 0x0000020684a51040 DEOPT UNPACKING pc=0x00000206950823a3 sp=0x0000005b0f3fbed8 mode 2

Classes unloaded (0 events):
No events

Classes redefined (0 events):
No events

Internal exceptions (20 events):
Event: 9.282 Thread 0x0000020684a51040 Exception <a 'java/lang/NoSuchMethodError'{0x0000000086cbab98}: 'java.lang.Object java.lang.invoke.DirectMethodHandle$Holder.newInvokeSpecial(java.lang.Object, java.lang.Object, int)'> (0x0000000086cbab98) 
thrown [s\open\src\hotspot\share\interpreter\linkResolver.cpp, line 759]
Event: 9.305 Thread 0x0000020684a51040 Exception <a 'java/lang/NoSuchMethodError'{0x0000000086a13080}: 'int java.lang.invoke.DirectMethodHandle$Holder.invokeStatic(java.lang.Object, int, java.lang.Object)'> (0x0000000086a13080) 
thrown [s\open\src\hotspot\share\interpreter\linkResolver.cpp, line 759]
Event: 9.307 Thread 0x0000020684a51040 Exception <a 'java/lang/NoSuchMethodError'{0x0000000086a32c90}: 'java.lang.Object java.lang.invoke.DirectMethodHandle$Holder.newInvokeSpecial(java.lang.Object, java.lang.Object, java.lang.Object, java.lang.Object, java.lang.Object, int, java.lang.Object)'> (0x0000000086a32c90) 
thrown [s\open\src\hotspot\share\interpreter\linkResolver.cpp, line 759]
Event: 9.311 Thread 0x0000020684a51040 Exception <a 'java/lang/NoSuchMethodError'{0x0000000086a69ab0}: 'java.lang.Object java.lang.invoke.DirectMethodHandle$Holder.newInvokeSpecial(java.lang.Object, java.lang.Object, java.lang.Object, java.lang.Object, java.lang.Object, java.lang.Object, java.lang.Object, java.lang.Object, java.lang.Object, java.lang.Object, java.lang.Object, java.lang.Object)'> (0x0000000086a69ab0) 
thrown [s\open\src\hotspot\share\interpreter\linkResolver.cpp, line 759]
Event: 9.312 Thread 0x0000020684a51040 Exception <a 'java/lang/NoSuchMethodError'{0x0000000086a6ea98}: 'java.lang.Object java.lang.invoke.DirectMethodHandle$Holder.invokeSpecial(java.lang.Object, java.lang.Object, java.lang.Object, java.lang.Object, java.lang.Object, java.lang.Object, java.lang.Object, java.lang.Object, java.lang.Object, java.lang.Object, java.lang.Object, java.lang.Object, java.lang.Object)'> (0x0000000086a6ea98) 
thrown [s\open\src\hotspot\share\interpreter\linkResolver.cpp, line 759]
Event: 9.312 Thread 0x0000020684a51040 Exception <a 'java/lang/NoSuchMethodError'{0x0000000086a73700}: 'java.lang.Object java.lang.invoke.Invokers$Holder.linkToTargetMethod(java.lang.Object, java.lang.Object, java.lang.Object, java.lang.Object, java.lang.Object, java.lang.Object, java.lang.Object, java.lang.Object, java.lang.Object, java.lang.Object, java.lang.Object, java.lang.Object)'> (0x0000000086a73700) 
thrown [s\open\src\hotspot\share\interpreter\linkResolver.cpp, line 759]
Event: 9.325 Thread 0x0000020684a51040 Exception <a 'java/lang/IncompatibleClassChangeError'{0x00000000869065c0}: Found class java.lang.Object, but interface was expected> (0x00000000869065c0) 
thrown [s\open\src\hotspot\share\interpreter\linkResolver.cpp, line 826]
Event: 9.351 Thread 0x0000020684a51040 Exception <a 'java/lang/IncompatibleClassChangeError'{0x0000000086848d48}: Found class java.lang.Object, but interface was expected> (0x0000000086848d48) 
thrown [s\open\src\hotspot\share\interpreter\linkResolver.cpp, line 826]
Event: 9.361 Thread 0x0000020684a51040 Exception <a 'java/lang/NoSuchMethodError'{0x00000000868bf0f0}: 'java.lang.Object java.lang.invoke.DirectMethodHandle$Holder.newInvokeSpecial(java.lang.Object, java.lang.Object, java.lang.Object, java.lang.Object, java.lang.Object, java.lang.Object, java.lang.Object, int)'> (0x00000000868bf0f0) 
thrown [s\open\src\hotspot\share\interpreter\linkResolver.cpp, line 759]
Event: 9.361 Thread 0x0000020684a51040 Exception <a 'java/lang/NoSuchMethodError'{0x00000000868c48e0}: 'java.lang.Object java.lang.invoke.DirectMethodHandle$Holder.invokeSpecial(java.lang.Object, java.lang.Object, java.lang.Object, java.lang.Object, java.lang.Object, java.lang.Object, java.lang.Object, java.lang.Object, int)'> (0x00000000868c48e0) 
thrown [s\open\src\hotspot\share\interpreter\linkResolver.cpp, line 759]
Event: 9.361 Thread 0x0000020684a51040 Exception <a 'java/lang/NoSuchMethodError'{0x00000000868c9ba0}: 'java.lang.Object java.lang.invoke.Invokers$Holder.linkToTargetMethod(java.lang.Object, java.lang.Object, java.lang.Object, java.lang.Object, java.lang.Object, java.lang.Object, int, java.lang.Object)'> (0x00000000868c9ba0) 
thrown [s\open\src\hotspot\share\interpreter\linkResolver.cpp, line 759]
Event: 9.384 Thread 0x0000020684a51040 Exception <a 'java/lang/NoSuchMethodError'{0x00000000867d97c0}: 'java.lang.Object java.lang.invoke.DirectMethodHandle$Holder.newInvokeSpecial(java.lang.Object, java.lang.Object, int, java.lang.Object, int, java.lang.Object, java.lang.Object)'> (0x00000000867d97c0) 
thrown [s\open\src\hotspot\share\interpreter\linkResolver.cpp, line 759]
Event: 9.416 Thread 0x0000020684a51040 Exception <a 'java/lang/NoSuchMethodError'{0x00000000866de420}: 'void java.lang.invoke.DirectMethodHandle$Holder.invokeInterface(java.lang.Object, java.lang.Object)'> (0x00000000866de420) 
thrown [s\open\src\hotspot\share\interpreter\linkResolver.cpp, line 759]
Event: 10.238 Thread 0x0000020684a51040 Implicit null exception at 0x0000020695942675 to 0x0000020695942c94
Event: 10.238 Thread 0x0000020684a51040 Implicit null exception at 0x000002069593f6f2 to 0x000002069593fd08
Event: 10.303 Thread 0x0000020684a51040 Exception <a 'java/lang/NoSuchMethodError'{0x0000000085f0d770}: 'java.lang.Object java.lang.invoke.DirectMethodHandle$Holder.invokeSpecial(java.lang.Object, java.lang.Object, int, java.lang.Object, int)'> (0x0000000085f0d770) 
thrown [s\open\src\hotspot\share\interpreter\linkResolver.cpp, line 759]
Event: 11.486 Thread 0x0000020684a51040 Exception <a 'java/lang/IncompatibleClassChangeError'{0x0000000085bdc5b8}: Found class java.lang.Object, but interface was expected> (0x0000000085bdc5b8) 
thrown [s\open\src\hotspot\share\interpreter\linkResolver.cpp, line 826]
Event: 11.494 Thread 0x0000020684a51040 Implicit null exception at 0x0000020695893ae0 to 0x0000020695898284
Event: 11.505 Thread 0x0000020684a51040 Exception <a 'java/lang/IncompatibleClassChangeError'{0x0000000085aa0ad0}: Found class java.lang.Object, but interface was expected> (0x0000000085aa0ad0) 
thrown [s\open\src\hotspot\share\interpreter\linkResolver.cpp, line 826]
Event: 11.563 Thread 0x0000020684a51040 Exception <a 'java/lang/IncompatibleClassChangeError'{0x000000008587f120}: Found class java.lang.Object, but interface was expected> (0x000000008587f120) 
thrown [s\open\src\hotspot\share\interpreter\linkResolver.cpp, line 826]

VM Operations (20 events):
Event: 9.120 Executing VM operation: HandshakeAllThreads
Event: 9.120 Executing VM operation: HandshakeAllThreads done
Event: 9.173 Executing VM operation: G1CollectForAllocation
Event: 9.180 Executing VM operation: G1CollectForAllocation done
Event: 9.202 Executing VM operation: CollectForMetadataAllocation
Event: 9.207 Executing VM operation: CollectForMetadataAllocation done
Event: 9.233 Executing VM operation: G1Concurrent
Event: 9.237 Executing VM operation: G1Concurrent done
Event: 9.248 Executing VM operation: G1Concurrent
Event: 9.248 Executing VM operation: G1Concurrent done
Event: 9.372 Executing VM operation: HandshakeAllThreads
Event: 9.372 Executing VM operation: HandshakeAllThreads done
Event: 9.521 Executing VM operation: HandshakeAllThreads
Event: 9.521 Executing VM operation: HandshakeAllThreads done
Event: 9.593 Executing VM operation: HandshakeAllThreads
Event: 9.593 Executing VM operation: HandshakeAllThreads done
Event: 10.599 Executing VM operation: Cleanup
Event: 11.454 Executing VM operation: Cleanup done
Event: 12.454 Executing VM operation: Cleanup
Event: 12.454 Executing VM operation: Cleanup done

Events (20 events):
Event: 8.303 loading class java/util/concurrent/CompletableFuture$AsynchronousCompletionTask done
Event: 8.303 loading class java/util/concurrent/CompletableFuture$Completion done
Event: 8.363 loading class java/util/concurrent/CancellationException
Event: 8.363 loading class java/util/concurrent/CancellationException done
Event: 8.772 loading class java/lang/reflect/AnnotatedArrayType
Event: 8.773 loading class java/lang/reflect/AnnotatedArrayType done
Event: 9.108 loading class java/lang/reflect/AnnotatedParameterizedType
Event: 9.108 loading class java/lang/reflect/AnnotatedParameterizedType done
Event: 9.199 loading class jdk/internal/reflect/UnsafeObjectFieldAccessorImpl
Event: 9.199 loading class jdk/internal/reflect/UnsafeObjectFieldAccessorImpl done
Event: 9.783 Thread 0x00000206ecfb9af0 Thread exited: 0x00000206ecfb9af0
Event: 9.783 Thread 0x00000206ea6af770 Thread exited: 0x00000206ea6af770
Event: 10.403 loading class javax/naming/Reference
Event: 10.403 loading class javax/naming/Reference done
Event: 10.411 Thread 0x00000206ea6af770 Thread added: 0x00000206ea6af770
Event: 11.464 Thread 0x00000206ecfb9af0 Thread added: 0x00000206ecfb9af0
Event: 11.485 loading class java/util/concurrent/ConcurrentHashMap$TreeNode
Event: 11.485 loading class java/util/concurrent/ConcurrentHashMap$TreeNode done
Event: 11.485 loading class java/util/concurrent/ConcurrentHashMap$TreeBin
Event: 11.486 loading class java/util/concurrent/ConcurrentHashMap$TreeBin done


Dynamic libraries:
0x00007ff728950000 - 0x00007ff728960000 	C:\Program Files\Java\jdk-17\bin\java.exe
0x00007ffb60c40000 - 0x00007ffb60ea6000 	C:\WINDOWS\SYSTEM32\ntdll.dll
0x00007ffb5fe40000 - 0x00007ffb5ff09000 	C:\WINDOWS\System32\KERNEL32.DLL
0x00007ffb5e190000 - 0x00007ffb5e58a000 	C:\WINDOWS\System32\KERNELBASE.dll
0x00007ffb5e040000 - 0x00007ffb5e18c000 	C:\WINDOWS\System32\ucrtbase.dll
0x00007ffb5ab40000 - 0x00007ffb5ab59000 	C:\Program Files\Java\jdk-17\bin\jli.dll
0x00007ffb58920000 - 0x00007ffb5893b000 	C:\Program Files\Java\jdk-17\bin\VCRUNTIME140.dll
0x00007ffb5fcf0000 - 0x00007ffb5fda6000 	C:\WINDOWS\System32\ADVAPI32.dll
0x00007ffb5fc40000 - 0x00007ffb5fce9000 	C:\WINDOWS\System32\msvcrt.dll
0x00007ffb60b50000 - 0x00007ffb60bfa000 	C:\WINDOWS\System32\sechost.dll
0x00007ffb5ee50000 - 0x00007ffb5ef68000 	C:\WINDOWS\System32\RPCRT4.dll
0x00007ffb5eb50000 - 0x00007ffb5ed17000 	C:\WINDOWS\System32\USER32.dll
0x00007ffb45970000 - 0x00007ffb45c02000 	C:\WINDOWS\WinSxS\amd64_microsoft.windows.common-controls_6595b64144ccf1df_6.0.26100.8521_none_3e08b75ce33403b3\COMCTL32.dll
0x00007ffb5e590000 - 0x00007ffb5e5b7000 	C:\WINDOWS\System32\win32u.dll
0x00007ffb5f760000 - 0x00007ffb5f78b000 	C:\WINDOWS\System32\GDI32.dll
0x00007ffb5e700000 - 0x00007ffb5e82b000 	C:\WINDOWS\System32\gdi32full.dll
0x00007ffb5e650000 - 0x00007ffb5e6f3000 	C:\WINDOWS\System32\msvcp_win.dll
0x00007ffb51460000 - 0x00007ffb5146b000 	C:\WINDOWS\SYSTEM32\VERSION.dll
0x00007ffb5f9f0000 - 0x00007ffb5fa22000 	C:\WINDOWS\System32\IMM32.DLL
0x00007ffb589d0000 - 0x00007ffb589dc000 	C:\Program Files\Java\jdk-17\bin\vcruntime140_1.dll
0x00007ffb39020000 - 0x00007ffb390ae000 	C:\Program Files\Java\jdk-17\bin\msvcp140.dll
0x00007ffaec7a0000 - 0x00007ffaed380000 	C:\Program Files\Java\jdk-17\bin\server\jvm.dll
0x00007ffb5ee40000 - 0x00007ffb5ee48000 	C:\WINDOWS\System32\PSAPI.DLL
0x00007ffb4b630000 - 0x00007ffb4b63a000 	C:\WINDOWS\SYSTEM32\WSOCK32.dll
0x00007ffb4c520000 - 0x00007ffb4c556000 	C:\WINDOWS\SYSTEM32\WINMM.dll
0x00007ffb5fbb0000 - 0x00007ffb5fc30000 	C:\WINDOWS\System32\WS2_32.dll
0x00007ffb5cc40000 - 0x00007ffb5cc5b000 	C:\WINDOWS\SYSTEM32\kernel.appcore.dll
0x00007ffb57040000 - 0x00007ffb5704a000 	C:\Program Files\Java\jdk-17\bin\jimage.dll
0x00007ffb5b590000 - 0x00007ffb5b7d2000 	C:\WINDOWS\SYSTEM32\DBGHELP.DLL
0x00007ffb5f130000 - 0x00007ffb5f4b3000 	C:\WINDOWS\System32\combase.dll
0x00007ffb5f790000 - 0x00007ffb5f869000 	C:\WINDOWS\System32\OLEAUT32.dll
0x00007ffb42390000 - 0x00007ffb423cb000 	C:\WINDOWS\SYSTEM32\dbgcore.DLL
0x00007ffb5df90000 - 0x00007ffb5e038000 	C:\WINDOWS\System32\bcryptPrimitives.dll
0x00007ffb4b670000 - 0x00007ffb4b67e000 	C:\Program Files\Java\jdk-17\bin\instrument.dll
0x00007ffb4ec50000 - 0x00007ffb4ec75000 	C:\Program Files\Java\jdk-17\bin\java.dll
0x00007ffb2e7f0000 - 0x00007ffb2e8c7000 	C:\Program Files\Java\jdk-17\bin\jsvml.dll
0x00007ffb5ff10000 - 0x00007ffb60694000 	C:\WINDOWS\System32\SHELL32.dll
0x00007ffb5ba70000 - 0x00007ffb5c2f0000 	C:\WINDOWS\SYSTEM32\windows.storage.dll
0x00007ffb5f8f0000 - 0x00007ffb5f9e6000 	C:\WINDOWS\System32\SHCORE.dll
0x00007ffb5ed20000 - 0x00007ffb5ed87000 	C:\WINDOWS\System32\shlwapi.dll
0x00007ffb5ddf0000 - 0x00007ffb5de19000 	C:\WINDOWS\SYSTEM32\profapi.dll
0x00007ffb47530000 - 0x00007ffb47548000 	C:\Program Files\Java\jdk-17\bin\zip.dll
0x00007ffb4b610000 - 0x00007ffb4b629000 	C:\Program Files\Java\jdk-17\bin\net.dll
0x00007ffb55e70000 - 0x00007ffb55f99000 	C:\WINDOWS\SYSTEM32\WINHTTP.dll
0x00007ffb5d1d0000 - 0x00007ffb5d23c000 	C:\WINDOWS\system32\mswsock.dll
0x00007ffb49d10000 - 0x00007ffb49d26000 	C:\Program Files\Java\jdk-17\bin\nio.dll
0x00007ffb4b660000 - 0x00007ffb4b66e000 	C:\Program Files\Java\jdk-17\bin\sunmscapi.dll
0x00007ffb5e830000 - 0x00007ffb5e9a8000 	C:\WINDOWS\System32\CRYPT32.dll
0x00007ffb5d6d0000 - 0x00007ffb5d700000 	C:\WINDOWS\SYSTEM32\ncrypt.dll
0x00007ffb5d680000 - 0x00007ffb5d6bf000 	C:\WINDOWS\SYSTEM32\NTASN1.dll
0x00007ffb49d00000 - 0x00007ffb49d10000 	C:\Program Files\Java\jdk-17\bin\verify.dll
0x00007ffb5d4b0000 - 0x00007ffb5d4cb000 	C:\WINDOWS\SYSTEM32\CRYPTSP.dll
0x00007ffb5cb90000 - 0x00007ffb5cbc9000 	C:\WINDOWS\system32\rsaenh.dll
0x00007ffb5d280000 - 0x00007ffb5d2b3000 	C:\WINDOWS\SYSTEM32\USERENV.dll
0x00007ffb5ddc0000 - 0x00007ffb5ddea000 	C:\WINDOWS\SYSTEM32\bcrypt.dll
0x00007ffb5d4d0000 - 0x00007ffb5d4dc000 	C:\WINDOWS\SYSTEM32\CRYPTBASE.dll
0x00007ffb5c600000 - 0x00007ffb5c633000 	C:\WINDOWS\SYSTEM32\IPHLPAPI.DLL
0x00007ffb5fba0000 - 0x00007ffb5fbaa000 	C:\WINDOWS\System32\NSI.dll
0x00007ffb55e50000 - 0x00007ffb55e6d000 	C:\WINDOWS\SYSTEM32\dhcpcsvc6.DLL
0x00007ffb55e20000 - 0x00007ffb55e45000 	C:\WINDOWS\SYSTEM32\dhcpcsvc.DLL
0x00007ffb5c690000 - 0x00007ffb5c7da000 	C:\WINDOWS\SYSTEM32\DNSAPI.dll
0x00007ffb5cfd0000 - 0x00007ffb5cfdd000 	C:\WINDOWS\SYSTEM32\DSPARSE.dll
0x00007ffb4b600000 - 0x00007ffb4b60a000 	C:\Program Files\Java\jdk-17\bin\management.dll
0x00007ffb4b510000 - 0x00007ffb4b51b000 	C:\Program Files\Java\jdk-17\bin\management_ext.dll
0x00007ffb4d630000 - 0x00007ffb4d63b000 	C:\Windows\System32\rasadhlp.dll
0x00007ffb514d0000 - 0x00007ffb51556000 	C:\WINDOWS\System32\fwpuclnt.dll

dbghelp: loaded successfully - version: 4.0.5 - missing functions: none
symbol engine: initialized successfully - sym options: 0x614 - pdb path: .;C:\Program Files\Java\jdk-17\bin;C:\WINDOWS\SYSTEM32;C:\WINDOWS\WinSxS\amd64_microsoft.windows.common-controls_6595b64144ccf1df_6.0.26100.8521_none_3e08b75ce33403b3;C:\Program Files\Java\jdk-17\bin\server

VM Arguments:
jvm_args: -javaagent:C:\Program Files\JetBrains\IntelliJ IDEA Community Edition 2024.3.5\lib\idea_rt.jar=52720 -Dfile.encoding=UTF-8 
java_command: com.example.demo.DemoApplication
java_class_path (initial): D:\Doantotnghiep\Backend\web-wedding-backend\target\classes;C:\Users\tamn7\.m2\repository\org\springframework\boot\spring-boot-starter-data-jpa\3.3.4\spring-boot-starter-data-jpa-3.3.4.jar;C:\Users\tamn7\.m2\repository\org\springframework\boot\spring-boot-starter-aop\3.3.4\spring-boot-starter-aop-3.3.4.jar;C:\Users\tamn7\.m2\repository\org\aspectj\aspectjweaver\1.9.22.1\aspectjweaver-1.9.22.1.jar;C:\Users\tamn7\.m2\repository\org\springframework\boot\spring-boot-starter-jdbc\3.3.4\spring-boot-starter-jdbc-3.3.4.jar;C:\Users\tamn7\.m2\repository\com\zaxxer\HikariCP\5.1.0\HikariCP-5.1.0.jar;C:\Users\tamn7\.m2\repository\org\springframework\spring-jdbc\6.1.13\spring-jdbc-6.1.13.jar;C:\Users\tamn7\.m2\repository\org\hibernate\orm\hibernate-core\6.5.3.Final\hibernate-core-6.5.3.Final.jar;C:\Users\tamn7\.m2\repository\jakarta\persistence\jakarta.persistence-api\3.1.0\jakarta.persistence-api-3.1.0.jar;C:\Users\tamn7\.m2\repository\jakarta\transaction\jakarta.transaction-api\2.0.1\jakarta.transaction-api-2.0.1.jar;C:\Users\tamn7\.m2\repository\org\jboss\logging\jboss-logging\3.5.3.Final\jboss-logging-3.5.3.Final.jar;C:\Users\tamn7\.m2\repository\org\hibernate\common\hibernate-commons-annotations\6.0.6.Final\hibernate-commons-annotations-6.0.6.Final.jar;C:\Users\tamn7\.m2\repository\io\smallrye\jandex\3.1.2\jandex-3.1.2.jar;C:\Users\tamn7\.m2\repository\com\fasterxml\classmate\1.7.0\classmate-1.7.0.jar;C:\Users\tamn7\.m2\repository\net\bytebuddy\byte-buddy\1.14.19\byte-buddy-1.14.19.jar;C:\Users\tamn7\.m2\repository\org\glassfish\jaxb\jaxb-runtime\4.0.5\jaxb-runtime-4.0.5.jar;C:\Users\tamn7\.m2\repository\org\glassfish\jaxb\jaxb-core\4.0.5\jaxb-core-4.0.5.jar;C:\Users\tamn7\.m2\repository\org\glassfish\jaxb\txw2\4.0.5\txw2-4.0.5.jar;C:\Users\tamn7\.m2\repository\com\sun\istack\istack-commons-runtime\4.1.2\istack-commons-runtime-4.1.2.jar;C:\Users\tamn7\.m2\repository\jakarta\inject\jakarta.inject-api\2.0.1\jakarta.inject-api-2.0.1.jar;C:\Users\ta
Launcher Type: SUN_STANDARD

[Global flags]
     intx CICompilerCount                          = 4                                         {product} {ergonomic}
     uint ConcGCThreads                            = 2                                         {product} {ergonomic}
     uint G1ConcRefinementThreads                  = 8                                         {product} {ergonomic}
   size_t G1HeapRegionSize                         = 1048576                                   {product} {ergonomic}
    uintx GCDrainStackTargetSize                   = 64                                        {product} {ergonomic}
   size_t InitialHeapSize                          = 132120576                                 {product} {ergonomic}
   size_t MarkStackSize                            = 4194304                                   {product} {ergonomic}
   size_t MaxHeapSize                              = 2105540608                                {product} {ergonomic}
   size_t MaxNewSize                               = 1262485504                                {product} {ergonomic}
   size_t MinHeapDeltaBytes                        = 1048576                                   {product} {ergonomic}
   size_t MinHeapSize                              = 8388608                                   {product} {ergonomic}
    uintx NonNMethodCodeHeapSize                   = 5839372                                {pd product} {ergonomic}
    uintx NonProfiledCodeHeapSize                  = 122909434                              {pd product} {ergonomic}
    uintx ProfiledCodeHeapSize                     = 122909434                              {pd product} {ergonomic}
    uintx ReservedCodeCacheSize                    = 251658240                              {pd product} {ergonomic}
     bool SegmentedCodeCache                       = true                                      {product} {ergonomic}
   size_t SoftMaxHeapSize                          = 2105540608                             {manageable} {ergonomic}
     bool UseCompressedClassPointers               = true                           {product lp64_product} {ergonomic}
     bool UseCompressedOops                        = true                           {product lp64_product} {ergonomic}
     bool UseG1GC                                  = true                                      {product} {ergonomic}
     bool UseLargePagesIndividualAllocation        = false                                  {pd product} {ergonomic}

Logging:
Log output configuration:
 #0: stdout all=warning uptime,level,tags
 #1: stderr all=off uptime,level,tags

Environment Variables:
JAVA_HOME=C:\Program Files\Java\jdk-17
PATH=C:\Program Files\Java\jdk-17\bin;C:\WINDOWS\system32;C:\WINDOWS;C:\WINDOWS\System32\Wbem;C:\WINDOWS\System32\WindowsPowerShell\v1.0\;C:\WINDOWS\System32\OpenSSH\;C:\Program Files\NVIDIA Corporation\NVIDIA App\NvDLISR;C:\Program Files (x86)\NVIDIA Corporation\PhysX\Common;C:\Program Files\nodejs\;C:\Program Files\Git\cmd;C:\flutter\bin;C:\Program Files\Apache\Maven\apache-maven-3.9.9\bin;C:\Program Files\Docker\Docker\resources\bin;C:\Program Files (x86)\Microsoft SQL Server\160\Tools\Binn\;C:\Program Files\Microsoft SQL Server\160\Tools\Binn\;C:\Program Files\Microsoft SQL Server\Client SDK\ODBC\170\Tools\Binn\;C:\Program Files\Microsoft SQL Server\160\DTS\Binn\;C:\Program Files (x86)\Microsoft SQL Server\160\DTS\Binn\;C:\Program Files\Microsoft SQL Server\170\Tools\Binn\;C:\Program Files\Microsoft SQL Server\130\DTS\Binn\;C:\Program Files\Microsoft SQL Server\140\DTS\Binn\;C:\Program Files\Microsoft SQL Server\150\DTS\Binn\;C:\Program Files\Microsoft SQL Server\170\DTS\Binn\;C:\Program Files\dotnet\;C:\Users\tamn7\AppData\Local\Programs\Python\Python311\Scripts\;C:\Users\tamn7\AppData\Local\Programs\Python\Python311\;C:\Users\tamn7\AppData\Local\Microsoft\WindowsApps;C:\Users\tamn7\AppData\Local\Programs\Microsoft VS Code\bin;C:\Users\tamn7\AppData\Roaming\npm;C:\ffmpeg;C:\Users\tamn7\.dotnet\tools
USERNAME=tamn7
OS=Windows_NT
PROCESSOR_IDENTIFIER=Intel64 Family 6 Model 165 Stepping 2, GenuineIntel



---------------  S Y S T E M  ---------------

OS:
 Windows 11 , 64 bit Build 26100 (10.0.26100.8521)
OS uptime: 3 days 3:40 hours
Hyper-V role detected

CPU: total 8 (initial active 8) (4 cores per cpu, 2 threads per core) family 6 model 165 stepping 2 microcode 0xe0, cx8, cmov, fxsr, ht, mmx, 3dnowpref, sse, sse2, sse3, ssse3, sse4.1, sse4.2, popcnt, lzcnt, tsc, tscinvbit, avx, avx2, aes, erms, clmul, bmi1, bmi2, adx, fma, vzeroupper, clflush, clflushopt, hv

Memory: 4k page, system-wide physical 8029M (667M free)
TotalPageFile size 32605M (AvailPageFile size 0M)
current process WorkingSet (physical memory assigned to process): 262M, peak: 285M
current process commit charge ("private bytes"): 300M, peak: 322M

vm_info: Java HotSpot(TM) 64-Bit Server VM (17.0.12+8-LTS-286) for windows-amd64 JRE (17.0.12+8-LTS-286), built on Jun  5 2024 06:46:59 by "mach5one" with MS VC++ 17.6 (VS2022)

END.
